Job started on gpua021.delta.ncsa.illinois.edu at Sun Feb 15 05:26:37 CST 2026
Job ID: 15892107, Task ID: 0
Working directory: /projects/bfdy/ece405-assignment1-basics
CUDA devices: 0
Number of CPUs: 16
Number of GPUs: 1
Memory: 24576 MB
Variant: no_norm
Sun Feb 15 05:26:37 2026       
+-----------------------------------------------------------------------------------------+
| NVIDIA-SMI 570.148.08             Driver Version: 570.148.08     CUDA Version: 12.8     |
|-----------------------------------------+------------------------+----------------------+
| GPU  Name                 Persistence-M | Bus-Id          Disp.A | Volatile Uncorr. ECC |
| Fan  Temp   Perf          Pwr:Usage/Cap |           Memory-Usage | GPU-Util  Compute M. |
|                                         |                        |               MIG M. |
|=========================================+========================+======================|
|   0  NVIDIA A100-SXM4-40GB          On  |   00000000:C7:00.0 Off |                    0 |
| N/A   29C    P0             50W /  400W |       0MiB /  40960MiB |      0%      Default |
|                                         |                        |             Disabled |
+-----------------------------------------+------------------------+----------------------+
                                                                                         
+-----------------------------------------------------------------------------------------+
| Processes:                                                                              |
|  GPU   GI   CI              PID   Type   Process name                        GPU Memory |
|        ID   ID                                                               Usage      |
|=========================================================================================|
|  No running processes found                                                             |
+-----------------------------------------------------------------------------------------+
============================================
Training ablation variant: no_norm
============================================

================================================================================
Training Configuration
================================================================================
Model:
  Variant: no_norm
  Vocabulary size: 10,000
  Context length: 256
  Model dimension: 512
  Number of layers: 4
  Number of heads: 16
  Feed-forward dimension: 1344
  RoPE theta: 10000.0

Optimizer:
  Learning rate: 0.0003
  Weight decay: 0.001
  Beta1: 0.9
  Beta2: 0.95
  Epsilon: 1e-08

Learning Rate Schedule:
  Max LR: 1e-05
  Min LR: 0.0
  Warmup iterations: 2,000

Training:
  Batch size: 64
  Max iterations: 10,000
  Gradient clipping: 1.0

Data:
  Training data: artifacts/tinystories_train_encoded.npy
  Validation data: artifacts/tinystories_valid_encoded.npy

Checkpointing:
  Checkpoint directory: checkpoints/ablation_no_norm
  Save interval: 5,000 iterations
  Eval interval: 500 iterations

Device: cuda
Random seed: 42
Weights & Biases: enabled (project: ece405-tinystories-ablation)
================================================================================

Initializing model (variant: no_norm)...
Model initialized with 22,691,840 parameters

Iter      0 | Loss: 17.3822 | LR: 0.00e+00 | Tokens/sec: 49174

Iter    100 | Loss: 16.7731 | LR: 5.00e-07 | Tokens/sec: 195966

Iter    200 | Loss: 15.0006 | LR: 1.00e-06 | Tokens/sec: 308371

Iter    300 | Loss: 13.4524 | LR: 1.50e-06 | Tokens/sec: 308234

Iter    400 | Loss: 12.1833 | LR: 2.00e-06 | Tokens/sec: 307941

Iter    500 | Loss: 11.1700 | LR: 2.50e-06 | Tokens/sec: 308429

Evaluating at iteration 500...
Iter    500 | Train loss: 10.7063 (ppl: 44637.17) | Val loss: 10.7481 (ppl: 46543.14)

Iter    600 | Loss: 10.3230 | LR: 3.00e-06 | Tokens/sec: 101055

Iter    700 | Loss: 9.3612 | LR: 3.50e-06 | Tokens/sec: 308685

Iter    800 | Loss: 8.1288 | LR: 4.00e-06 | Tokens/sec: 308751

Iter    900 | Loss: 7.0517 | LR: 4.50e-06 | Tokens/sec: 308774

Iter   1000 | Loss: 6.2736 | LR: 5.00e-06 | Tokens/sec: 308800

Evaluating at iteration 1000...
Iter   1000 | Train loss: 5.9657 (ppl: 389.81) | Val loss: 5.9561 (ppl: 386.10)

Iter   1100 | Loss: 5.7505 | LR: 5.50e-06 | Tokens/sec: 138585

Iter   1200 | Loss: 5.3935 | LR: 6.00e-06 | Tokens/sec: 308303

Iter   1300 | Loss: 5.1139 | LR: 6.50e-06 | Tokens/sec: 308732

Iter   1400 | Loss: 4.8931 | LR: 7.00e-06 | Tokens/sec: 308764

Iter   1500 | Loss: 4.7004 | LR: 7.50e-06 | Tokens/sec: 308757

Evaluating at iteration 1500...
Iter   1500 | Train loss: 4.6283 (ppl: 102.34) | Val loss: 4.6242 (ppl: 101.92)

Iter   1600 | Loss: 4.5489 | LR: 8.00e-06 | Tokens/sec: 138614

Iter   1700 | Loss: 4.4162 | LR: 8.50e-06 | Tokens/sec: 308787

Iter   1800 | Loss: 4.3007 | LR: 9.00e-06 | Tokens/sec: 308777

Iter   1900 | Loss: 4.2007 | LR: 9.50e-06 | Tokens/sec: 308755

Iter   2000 | Loss: 4.1202 | LR: 1.00e-05 | Tokens/sec: 308822

Evaluating at iteration 2000...
Iter   2000 | Train loss: 4.0815 (ppl: 59.24) | Val loss: 4.0790 (ppl: 59.09)

Iter   2100 | Loss: 4.0418 | LR: 1.00e-05 | Tokens/sec: 138556

Iter   2200 | Loss: 3.9784 | LR: 9.98e-06 | Tokens/sec: 308768

Iter   2300 | Loss: 3.9246 | LR: 9.97e-06 | Tokens/sec: 308790

Iter   2400 | Loss: 3.8623 | LR: 9.94e-06 | Tokens/sec: 308761

Iter   2500 | Loss: 3.8197 | LR: 9.90e-06 | Tokens/sec: 308771

Evaluating at iteration 2500...
Iter   2500 | Train loss: 3.7935 (ppl: 44.41) | Val loss: 3.7898 (ppl: 44.25)

Iter   2600 | Loss: 3.7658 | LR: 9.86e-06 | Tokens/sec: 138632

Iter   2700 | Loss: 3.7262 | LR: 9.81e-06 | Tokens/sec: 308767

Iter   2800 | Loss: 3.6897 | LR: 9.76e-06 | Tokens/sec: 308718

Iter   2900 | Loss: 3.6336 | LR: 9.69e-06 | Tokens/sec: 308796

Iter   3000 | Loss: 3.6037 | LR: 9.62e-06 | Tokens/sec: 308710

Evaluating at iteration 3000...
Iter   3000 | Train loss: 3.5837 (ppl: 36.01) | Val loss: 3.5827 (ppl: 35.97)

Iter   3100 | Loss: 3.5731 | LR: 9.54e-06 | Tokens/sec: 138527

Iter   3200 | Loss: 3.5400 | LR: 9.46e-06 | Tokens/sec: 308730

Iter   3300 | Loss: 3.5168 | LR: 9.36e-06 | Tokens/sec: 308774

Iter   3400 | Loss: 3.4795 | LR: 9.26e-06 | Tokens/sec: 308768

Iter   3500 | Loss: 3.4455 | LR: 9.16e-06 | Tokens/sec: 308693

Evaluating at iteration 3500...
Iter   3500 | Train loss: 3.4468 (ppl: 31.40) | Val loss: 3.4445 (ppl: 31.33)

Iter   3600 | Loss: 3.4383 | LR: 9.05e-06 | Tokens/sec: 138628

Iter   3700 | Loss: 3.3920 | LR: 8.93e-06 | Tokens/sec: 308772

Iter   3800 | Loss: 3.3940 | LR: 8.80e-06 | Tokens/sec: 308732

Iter   3900 | Loss: 3.3738 | LR: 8.67e-06 | Tokens/sec: 308327

Iter   4000 | Loss: 3.3491 | LR: 8.54e-06 | Tokens/sec: 308772

Evaluating at iteration 4000...
Iter   4000 | Train loss: 3.3307 (ppl: 27.96) | Val loss: 3.3300 (ppl: 27.94)

Iter   4100 | Loss: 3.3205 | LR: 8.39e-06 | Tokens/sec: 138612

Iter   4200 | Loss: 3.3178 | LR: 8.25e-06 | Tokens/sec: 308690

Iter   4300 | Loss: 3.2886 | LR: 8.10e-06 | Tokens/sec: 308722

Iter   4400 | Loss: 3.2782 | LR: 7.94e-06 | Tokens/sec: 308727

Iter   4500 | Loss: 3.2745 | LR: 7.78e-06 | Tokens/sec: 308785

Evaluating at iteration 4500...
Iter   4500 | Train loss: 3.2550 (ppl: 25.92) | Val loss: 3.2490 (ppl: 25.76)

Iter   4600 | Loss: 3.2581 | LR: 7.61e-06 | Tokens/sec: 138629

Iter   4700 | Loss: 3.2327 | LR: 7.44e-06 | Tokens/sec: 308793

Iter   4800 | Loss: 3.2264 | LR: 7.27e-06 | Tokens/sec: 308332

Iter   4900 | Loss: 3.2170 | LR: 7.09e-06 | Tokens/sec: 308805

Iter   5000 | Loss: 3.2012 | LR: 6.91e-06 | Tokens/sec: 308772

Evaluating at iteration 5000...
Iter   5000 | Train loss: 3.1935 (ppl: 24.37) | Val loss: 3.1921 (ppl: 24.34)

Saving checkpoint to checkpoints/ablation_no_norm/checkpoint_iter_5000.pt

Iter   5100 | Loss: 3.1979 | LR: 6.73e-06 | Tokens/sec: 127903

Iter   5200 | Loss: 3.1835 | LR: 6.55e-06 | Tokens/sec: 308857

Iter   5300 | Loss: 3.1705 | LR: 6.36e-06 | Tokens/sec: 308806

Iter   5400 | Loss: 3.1567 | LR: 6.17e-06 | Tokens/sec: 308807

Iter   5500 | Loss: 3.1573 | LR: 5.98e-06 | Tokens/sec: 308605

Evaluating at iteration 5500...
Iter   5500 | Train loss: 3.1499 (ppl: 23.33) | Val loss: 3.1445 (ppl: 23.21)

Iter   5600 | Loss: 3.1531 | LR: 5.78e-06 | Tokens/sec: 138625

Iter   5700 | Loss: 3.1388 | LR: 5.59e-06 | Tokens/sec: 308409

Iter   5800 | Loss: 3.1285 | LR: 5.39e-06 | Tokens/sec: 308726

Iter   5900 | Loss: 3.1202 | LR: 5.20e-06 | Tokens/sec: 308815

Iter   6000 | Loss: 3.1168 | LR: 5.00e-06 | Tokens/sec: 308737

Evaluating at iteration 6000...
Iter   6000 | Train loss: 3.1119 (ppl: 22.46) | Val loss: 3.1050 (ppl: 22.31)

Iter   6100 | Loss: 3.1026 | LR: 4.80e-06 | Tokens/sec: 138621

Iter   6200 | Loss: 3.0991 | LR: 4.61e-06 | Tokens/sec: 308727

Iter   6300 | Loss: 3.1057 | LR: 4.41e-06 | Tokens/sec: 308749

Iter   6400 | Loss: 3.0837 | LR: 4.22e-06 | Tokens/sec: 308770

Iter   6500 | Loss: 3.0803 | LR: 4.02e-06 | Tokens/sec: 308764

Evaluating at iteration 6500...
Iter   6500 | Train loss: 3.0890 (ppl: 21.95) | Val loss: 3.0720 (ppl: 21.59)

Iter   6600 | Loss: 3.0796 | LR: 3.83e-06 | Tokens/sec: 138545

Iter   6700 | Loss: 3.0675 | LR: 3.64e-06 | Tokens/sec: 308719

Iter   6800 | Loss: 3.0732 | LR: 3.45e-06 | Tokens/sec: 308683

Iter   6900 | Loss: 3.0777 | LR: 3.27e-06 | Tokens/sec: 308463

Iter   7000 | Loss: 3.0723 | LR: 3.09e-06 | Tokens/sec: 308296

Evaluating at iteration 7000...
Iter   7000 | Train loss: 3.0618 (ppl: 21.37) | Val loss: 3.0530 (ppl: 21.18)

Iter   7100 | Loss: 3.0586 | LR: 2.91e-06 | Tokens/sec: 138451

Iter   7200 | Loss: 3.0590 | LR: 2.73e-06 | Tokens/sec: 308333

Iter   7300 | Loss: 3.0520 | LR: 2.56e-06 | Tokens/sec: 308301

Iter   7400 | Loss: 3.0462 | LR: 2.39e-06 | Tokens/sec: 308290

Iter   7500 | Loss: 3.0501 | LR: 2.22e-06 | Tokens/sec: 308261

Evaluating at iteration 7500...
Iter   7500 | Train loss: 3.0480 (ppl: 21.07) | Val loss: 3.0428 (ppl: 20.96)

Iter   7600 | Loss: 3.0409 | LR: 2.06e-06 | Tokens/sec: 138298

Iter   7700 | Loss: 3.0508 | LR: 1.90e-06 | Tokens/sec: 307987

Iter   7800 | Loss: 3.0508 | LR: 1.75e-06 | Tokens/sec: 308411

Iter   7900 | Loss: 3.0347 | LR: 1.61e-06 | Tokens/sec: 308657

Iter   8000 | Loss: 3.0430 | LR: 1.46e-06 | Tokens/sec: 308678

Evaluating at iteration 8000...
Iter   8000 | Train loss: 3.0385 (ppl: 20.87) | Val loss: 3.0270 (ppl: 20.64)

Iter   8100 | Loss: 3.0411 | LR: 1.33e-06 | Tokens/sec: 127945

Iter   8200 | Loss: 3.0274 | LR: 1.20e-06 | Tokens/sec: 308620

Iter   8300 | Loss: 3.0270 | LR: 1.07e-06 | Tokens/sec: 308179

Iter   8400 | Loss: 3.0209 | LR: 9.55e-07 | Tokens/sec: 308658

Iter   8500 | Loss: 3.0130 | LR: 8.43e-07 | Tokens/sec: 308410

Evaluating at iteration 8500...
Iter   8500 | Train loss: 3.0248 (ppl: 20.59) | Val loss: 3.0223 (ppl: 20.54)

Iter   8600 | Loss: 3.0266 | LR: 7.37e-07 | Tokens/sec: 137873

Iter   8700 | Loss: 3.0263 | LR: 6.38e-07 | Tokens/sec: 308691

Iter   8800 | Loss: 3.0125 | LR: 5.45e-07 | Tokens/sec: 296810

Iter   8900 | Loss: 3.0295 | LR: 4.59e-07 | Tokens/sec: 308628

Iter   9000 | Loss: 3.0258 | LR: 3.81e-07 | Tokens/sec: 308624

Evaluating at iteration 9000...
Iter   9000 | Train loss: 3.0242 (ppl: 20.58) | Val loss: 3.0182 (ppl: 20.45)

Iter   9100 | Loss: 3.0230 | LR: 3.09e-07 | Tokens/sec: 138619

Iter   9200 | Loss: 3.0207 | LR: 2.45e-07 | Tokens/sec: 308670

Iter   9300 | Loss: 3.0263 | LR: 1.88e-07 | Tokens/sec: 308440

Iter   9400 | Loss: 3.0139 | LR: 1.38e-07 | Tokens/sec: 308699

Iter   9500 | Loss: 3.0147 | LR: 9.61e-08 | Tokens/sec: 308691

Evaluating at iteration 9500...
Iter   9500 | Train loss: 3.0164 (ppl: 20.42) | Val loss: 3.0173 (ppl: 20.44)

Iter   9600 | Loss: 3.0166 | LR: 6.16e-08 | Tokens/sec: 138601

Iter   9700 | Loss: 3.0278 | LR: 3.47e-08 | Tokens/sec: 308681

Iter   9800 | Loss: 3.0336 | LR: 1.54e-08 | Tokens/sec: 308626

Iter   9900 | Loss: 3.0179 | LR: 3.85e-09 | Tokens/sec: 308621

Saving final checkpoint to checkpoints/ablation_no_norm/checkpoint_final.pt

Final evaluation...
Final | Train loss: 3.0167 (ppl: 20.42) | Val loss: 3.0166 (ppl: 20.42)
Job completed at Sun Feb 15 05:40:00 CST 2026
