Job started on gpua018.delta.ncsa.illinois.edu at Sun Feb 15 04:32:22 CST 2026
Job ID: 15891695, Task ID: 0
Working directory: /projects/bfdy/ece405-assignment1-basics
CUDA devices: 0
Number of CPUs: 16
Number of GPUs: 1
Memory: 24576 MB
Variant: no_norm
Sun Feb 15 04:32:22 2026       
+-----------------------------------------------------------------------------------------+
| NVIDIA-SMI 570.148.08             Driver Version: 570.148.08     CUDA Version: 12.8     |
|-----------------------------------------+------------------------+----------------------+
| GPU  Name                 Persistence-M | Bus-Id          Disp.A | Volatile Uncorr. ECC |
| Fan  Temp   Perf          Pwr:Usage/Cap |           Memory-Usage | GPU-Util  Compute M. |
|                                         |                        |               MIG M. |
|=========================================+========================+======================|
|   0  NVIDIA A100-SXM4-40GB          On  |   00000000:85:00.0 Off |                    0 |
| N/A   29C    P0             52W /  400W |       0MiB /  40960MiB |      0%      Default |
|                                         |                        |             Disabled |
+-----------------------------------------+------------------------+----------------------+
                                                                                         
+-----------------------------------------------------------------------------------------+
| Processes:                                                                              |
|  GPU   GI   CI              PID   Type   Process name                        GPU Memory |
|        ID   ID                                                               Usage      |
|=========================================================================================|
|  No running processes found                                                             |
+-----------------------------------------------------------------------------------------+
============================================
Training ablation variant: no_norm
============================================

================================================================================
Training Configuration
================================================================================
Model:
  Variant: no_norm
  Vocabulary size: 10,000
  Context length: 256
  Model dimension: 512
  Number of layers: 4
  Number of heads: 16
  Feed-forward dimension: 1344
  RoPE theta: 10000.0

Optimizer:
  Learning rate: 0.0003
  Weight decay: 0.001
  Beta1: 0.9
  Beta2: 0.95
  Epsilon: 1e-08

Learning Rate Schedule:
  Max LR: 0.003
  Min LR: 0.0
  Warmup iterations: 2,000

Training:
  Batch size: 64
  Max iterations: 10,000
  Gradient clipping: 1.0

Data:
  Training data: artifacts/tinystories_train_encoded.npy
  Validation data: artifacts/tinystories_valid_encoded.npy

Checkpointing:
  Checkpoint directory: checkpoints/ablation_no_norm
  Save interval: 5,000 iterations
  Eval interval: 500 iterations

Device: cuda
Random seed: 42
Weights & Biases: enabled (project: ece405-tinystories-ablation)
================================================================================

Initializing model (variant: no_norm)...
Model initialized with 22,691,840 parameters

Iter      0 | Loss: 17.3822 | LR: 0.00e+00 | Tokens/sec: 74901

Iter    100 | Loss: 8.8345 | LR: 1.50e-04 | Tokens/sec: 196246

Iter    200 | Loss: 3.9751 | LR: 3.00e-04 | Tokens/sec: 308898

Iter    300 | Loss: 3.2395 | LR: 4.50e-04 | Tokens/sec: 309007

Iter    400 | Loss: 2.9140 | LR: 6.00e-04 | Tokens/sec: 309025

Iter    500 | Loss: 2.7058 | LR: 7.50e-04 | Tokens/sec: 309119

Evaluating at iteration 500...
Iter    500 | Train loss: 2.6432 (ppl: 14.06) | Val loss: 2.6354 (ppl: 13.95)

Iter    600 | Loss: 2.5861 | LR: 9.00e-04 | Tokens/sec: 101312

Iter    700 | Loss: 2.4864 | LR: 1.05e-03 | Tokens/sec: 309620

Iter    800 | Loss: 2.4049 | LR: 1.20e-03 | Tokens/sec: 309750

Iter    900 | Loss: 3.1395 | LR: 1.35e-03 | Tokens/sec: 309651

Iter   1000 | Loss: 183.2740 | LR: 1.50e-03 | Tokens/sec: 309129

Evaluating at iteration 1000...
Iter   1000 | Train loss: 2.3404 (ppl: 10.39) | Val loss: 2.3272 (ppl: 10.25)

Iter   1100 | Loss: 2.7020 | LR: 1.65e-03 | Tokens/sec: 138787

Iter   1200 | Loss: 36.7637 | LR: 1.80e-03 | Tokens/sec: 309336

Iter   1300 | Loss: 173.9946 | LR: 1.95e-03 | Tokens/sec: 309380

Iter   1400 | Loss: 63.6351 | LR: 2.10e-03 | Tokens/sec: 309348

Iter   1500 | Loss: 285085729.9915 | LR: 2.25e-03 | Tokens/sec: 309215

Evaluating at iteration 1500...
Iter   1500 | Train loss: 40449571.9232 (ppl: inf) | Val loss: 395367830336.6953 (ppl: inf)

Iter   1600 | Loss: nan | LR: 2.40e-03 | Tokens/sec: 138774

Iter   1700 | Loss: nan | LR: 2.55e-03 | Tokens/sec: 310798

Iter   1800 | Loss: nan | LR: 2.70e-03 | Tokens/sec: 310889

Iter   1900 | Loss: nan | LR: 2.85e-03 | Tokens/sec: 310495

Iter   2000 | Loss: nan | LR: 3.00e-03 | Tokens/sec: 310777

Evaluating at iteration 2000...
Iter   2000 | Train loss: nan (ppl: nan) | Val loss: nan (ppl: nan)

Iter   2100 | Loss: nan | LR: 3.00e-03 | Tokens/sec: 139363

Iter   2200 | Loss: nan | LR: 3.00e-03 | Tokens/sec: 310833

Iter   2300 | Loss: nan | LR: 2.99e-03 | Tokens/sec: 310804

Iter   2400 | Loss: nan | LR: 2.98e-03 | Tokens/sec: 310831

Iter   2500 | Loss: nan | LR: 2.97e-03 | Tokens/sec: 310780

Evaluating at iteration 2500...
Iter   2500 | Train loss: nan (ppl: nan) | Val loss: nan (ppl: nan)

Iter   2600 | Loss: nan | LR: 2.96e-03 | Tokens/sec: 139388

Iter   2700 | Loss: nan | LR: 2.94e-03 | Tokens/sec: 310840

Iter   2800 | Loss: nan | LR: 2.93e-03 | Tokens/sec: 310551

Iter   2900 | Loss: nan | LR: 2.91e-03 | Tokens/sec: 310887

Iter   3000 | Loss: nan | LR: 2.89e-03 | Tokens/sec: 310885

Evaluating at iteration 3000...
Iter   3000 | Train loss: nan (ppl: nan) | Val loss: nan (ppl: nan)

Iter   3100 | Loss: nan | LR: 2.86e-03 | Tokens/sec: 139406

Iter   3200 | Loss: nan | LR: 2.84e-03 | Tokens/sec: 310914

Iter   3300 | Loss: nan | LR: 2.81e-03 | Tokens/sec: 310910

Iter   3400 | Loss: nan | LR: 2.78e-03 | Tokens/sec: 310897

Iter   3500 | Loss: nan | LR: 2.75e-03 | Tokens/sec: 310896

Evaluating at iteration 3500...
Iter   3500 | Train loss: nan (ppl: nan) | Val loss: nan (ppl: nan)

Iter   3600 | Loss: nan | LR: 2.71e-03 | Tokens/sec: 139417

Iter   3700 | Loss: nan | LR: 2.68e-03 | Tokens/sec: 310656

Iter   3800 | Loss: nan | LR: 2.64e-03 | Tokens/sec: 310936

Iter   3900 | Loss: nan | LR: 2.60e-03 | Tokens/sec: 310898

Iter   4000 | Loss: nan | LR: 2.56e-03 | Tokens/sec: 310935

Evaluating at iteration 4000...
Iter   4000 | Train loss: nan (ppl: nan) | Val loss: nan (ppl: nan)

Iter   4100 | Loss: nan | LR: 2.52e-03 | Tokens/sec: 139402

Iter   4200 | Loss: nan | LR: 2.47e-03 | Tokens/sec: 310944

Iter   4300 | Loss: nan | LR: 2.43e-03 | Tokens/sec: 310897

Iter   4400 | Loss: nan | LR: 2.38e-03 | Tokens/sec: 310924

Iter   4500 | Loss: nan | LR: 2.33e-03 | Tokens/sec: 310907

Evaluating at iteration 4500...
Iter   4500 | Train loss: nan (ppl: nan) | Val loss: nan (ppl: nan)

Iter   4600 | Loss: nan | LR: 2.28e-03 | Tokens/sec: 139378

Iter   4700 | Loss: nan | LR: 2.23e-03 | Tokens/sec: 310960

Iter   4800 | Loss: nan | LR: 2.18e-03 | Tokens/sec: 310904

Iter   4900 | Loss: nan | LR: 2.13e-03 | Tokens/sec: 310892

Iter   5000 | Loss: nan | LR: 2.07e-03 | Tokens/sec: 310864

Evaluating at iteration 5000...
Iter   5000 | Train loss: nan (ppl: nan) | Val loss: nan (ppl: nan)

Saving checkpoint to checkpoints/ablation_no_norm/checkpoint_iter_5000.pt

Iter   5100 | Loss: nan | LR: 2.02e-03 | Tokens/sec: 130041

Iter   5200 | Loss: nan | LR: 1.96e-03 | Tokens/sec: 310959

Iter   5300 | Loss: nan | LR: 1.91e-03 | Tokens/sec: 310877

Iter   5400 | Loss: nan | LR: 1.85e-03 | Tokens/sec: 310912

Iter   5500 | Loss: nan | LR: 1.79e-03 | Tokens/sec: 310904

Evaluating at iteration 5500...
Iter   5500 | Train loss: nan (ppl: nan) | Val loss: nan (ppl: nan)

Iter   5600 | Loss: nan | LR: 1.73e-03 | Tokens/sec: 139358

Iter   5700 | Loss: nan | LR: 1.68e-03 | Tokens/sec: 310918

Iter   5800 | Loss: nan | LR: 1.62e-03 | Tokens/sec: 310881

Iter   5900 | Loss: nan | LR: 1.56e-03 | Tokens/sec: 310926

Iter   6000 | Loss: nan | LR: 1.50e-03 | Tokens/sec: 310944

Evaluating at iteration 6000...
Iter   6000 | Train loss: nan (ppl: nan) | Val loss: nan (ppl: nan)

Iter   6100 | Loss: nan | LR: 1.44e-03 | Tokens/sec: 139392

Iter   6200 | Loss: nan | LR: 1.38e-03 | Tokens/sec: 310861

Iter   6300 | Loss: nan | LR: 1.32e-03 | Tokens/sec: 310928

Iter   6400 | Loss: nan | LR: 1.27e-03 | Tokens/sec: 310889

Iter   6500 | Loss: nan | LR: 1.21e-03 | Tokens/sec: 310566

Evaluating at iteration 6500...
Iter   6500 | Train loss: nan (ppl: nan) | Val loss: nan (ppl: nan)

Iter   6600 | Loss: nan | LR: 1.15e-03 | Tokens/sec: 139425

Iter   6700 | Loss: nan | LR: 1.09e-03 | Tokens/sec: 310893

Iter   6800 | Loss: nan | LR: 1.04e-03 | Tokens/sec: 310856

Iter   6900 | Loss: nan | LR: 9.81e-04 | Tokens/sec: 310868

Iter   7000 | Loss: nan | LR: 9.26e-04 | Tokens/sec: 310824

Evaluating at iteration 7000...
Iter   7000 | Train loss: nan (ppl: nan) | Val loss: nan (ppl: nan)

Iter   7100 | Loss: nan | LR: 8.72e-04 | Tokens/sec: 139417

Iter   7200 | Loss: nan | LR: 8.19e-04 | Tokens/sec: 310854

Iter   7300 | Loss: nan | LR: 7.67e-04 | Tokens/sec: 310869

Iter   7400 | Loss: nan | LR: 7.16e-04 | Tokens/sec: 310531

Iter   7500 | Loss: nan | LR: 6.67e-04 | Tokens/sec: 310876

Evaluating at iteration 7500...
Iter   7500 | Train loss: nan (ppl: nan) | Val loss: nan (ppl: nan)

Iter   7600 | Loss: nan | LR: 6.18e-04 | Tokens/sec: 139421

Iter   7700 | Loss: nan | LR: 5.71e-04 | Tokens/sec: 310831

Iter   7800 | Loss: nan | LR: 5.26e-04 | Tokens/sec: 310818

Iter   7900 | Loss: nan | LR: 4.82e-04 | Tokens/sec: 310879

Iter   8000 | Loss: nan | LR: 4.39e-04 | Tokens/sec: 310845

Evaluating at iteration 8000...
Iter   8000 | Train loss: nan (ppl: nan) | Val loss: nan (ppl: nan)

Iter   8100 | Loss: nan | LR: 3.99e-04 | Tokens/sec: 139412

Iter   8200 | Loss: nan | LR: 3.59e-04 | Tokens/sec: 310824

Iter   8300 | Loss: nan | LR: 3.22e-04 | Tokens/sec: 310630

Iter   8400 | Loss: nan | LR: 2.86e-04 | Tokens/sec: 310821

Iter   8500 | Loss: nan | LR: 2.53e-04 | Tokens/sec: 310835

Evaluating at iteration 8500...
Iter   8500 | Train loss: nan (ppl: nan) | Val loss: nan (ppl: nan)

Iter   8600 | Loss: nan | LR: 2.21e-04 | Tokens/sec: 139397

Iter   8700 | Loss: nan | LR: 1.91e-04 | Tokens/sec: 310840

Iter   8800 | Loss: nan | LR: 1.63e-04 | Tokens/sec: 310807

Iter   8900 | Loss: nan | LR: 1.38e-04 | Tokens/sec: 310810

Iter   9000 | Loss: nan | LR: 1.14e-04 | Tokens/sec: 310799

Evaluating at iteration 9000...
Iter   9000 | Train loss: nan (ppl: nan) | Val loss: nan (ppl: nan)

Iter   9100 | Loss: nan | LR: 9.27e-05 | Tokens/sec: 139375

Iter   9200 | Loss: nan | LR: 7.34e-05 | Tokens/sec: 310475

Iter   9300 | Loss: nan | LR: 5.63e-05 | Tokens/sec: 310825

Iter   9400 | Loss: nan | LR: 4.14e-05 | Tokens/sec: 310820

Iter   9500 | Loss: nan | LR: 2.88e-05 | Tokens/sec: 310808

Evaluating at iteration 9500...
Iter   9500 | Train loss: nan (ppl: nan) | Val loss: nan (ppl: nan)

Iter   9600 | Loss: nan | LR: 1.85e-05 | Tokens/sec: 139372

Iter   9700 | Loss: nan | LR: 1.04e-05 | Tokens/sec: 310794

Iter   9800 | Loss: nan | LR: 4.62e-06 | Tokens/sec: 310760

Iter   9900 | Loss: nan | LR: 1.16e-06 | Tokens/sec: 310848

Saving final checkpoint to checkpoints/ablation_no_norm/checkpoint_final.pt

Final evaluation...
Final | Train loss: nan (ppl: nan) | Val loss: nan (ppl: nan)
Job completed at Sun Feb 15 04:44:01 CST 2026
