Job started on gpua018.delta.ncsa.illinois.edu at Sun Feb 15 04:32:21 CST 2026
Job ID: 15891696, Task ID: 1
Working directory: /projects/bfdy/ece405-assignment1-basics
CUDA devices: 0
Number of CPUs: 16
Number of GPUs: 1
Memory: 24576 MB
Variant: post_norm
Sun Feb 15 04:32:21 2026       
+-----------------------------------------------------------------------------------------+
| NVIDIA-SMI 570.148.08             Driver Version: 570.148.08     CUDA Version: 12.8     |
|-----------------------------------------+------------------------+----------------------+
| GPU  Name                 Persistence-M | Bus-Id          Disp.A | Volatile Uncorr. ECC |
| Fan  Temp   Perf          Pwr:Usage/Cap |           Memory-Usage | GPU-Util  Compute M. |
|                                         |                        |               MIG M. |
|=========================================+========================+======================|
|   0  NVIDIA A100-SXM4-40GB          On  |   00000000:07:00.0 Off |                    0 |
| N/A   29C    P0             55W /  400W |       0MiB /  40960MiB |      0%      Default |
|                                         |                        |             Disabled |
+-----------------------------------------+------------------------+----------------------+
                                                                                         
+-----------------------------------------------------------------------------------------+
| Processes:                                                                              |
|  GPU   GI   CI              PID   Type   Process name                        GPU Memory |
|        ID   ID                                                               Usage      |
|=========================================================================================|
|  No running processes found                                                             |
+-----------------------------------------------------------------------------------------+
============================================
Training ablation variant: post_norm
============================================

================================================================================
Training Configuration
================================================================================
Model:
  Variant: post_norm
  Vocabulary size: 10,000
  Context length: 256
  Model dimension: 512
  Number of layers: 4
  Number of heads: 16
  Feed-forward dimension: 1344
  RoPE theta: 10000.0

Optimizer:
  Learning rate: 0.0003
  Weight decay: 0.001
  Beta1: 0.9
  Beta2: 0.95
  Epsilon: 1e-08

Learning Rate Schedule:
  Max LR: 0.003
  Min LR: 0.0
  Warmup iterations: 2,000

Training:
  Batch size: 64
  Max iterations: 10,000
  Gradient clipping: 1.0

Data:
  Training data: artifacts/tinystories_train_encoded.npy
  Validation data: artifacts/tinystories_valid_encoded.npy

Checkpointing:
  Checkpoint directory: checkpoints/ablation_post_norm
  Save interval: 5,000 iterations
  Eval interval: 500 iterations

Device: cuda
Random seed: 42
Weights & Biases: enabled (project: ece405-tinystories-ablation)
================================================================================

Initializing model (variant: post_norm)...
Model initialized with 22,695,936 parameters

Iter      0 | Loss: 9.2574 | LR: 0.00e+00 | Tokens/sec: 74442

Iter    100 | Loss: 7.3687 | LR: 1.50e-04 | Tokens/sec: 182546

Iter    200 | Loss: 4.0519 | LR: 3.00e-04 | Tokens/sec: 298919

Iter    300 | Loss: 3.1860 | LR: 4.50e-04 | Tokens/sec: 298857

Iter    400 | Loss: 2.8390 | LR: 6.00e-04 | Tokens/sec: 298826

Iter    500 | Loss: 2.6168 | LR: 7.50e-04 | Tokens/sec: 298904

Evaluating at iteration 500...
Iter    500 | Train loss: 2.5433 (ppl: 12.72) | Val loss: 2.5366 (ppl: 12.64)

Iter    600 | Loss: 2.4844 | LR: 9.00e-04 | Tokens/sec: 97642

Iter    700 | Loss: 2.3745 | LR: 1.05e-03 | Tokens/sec: 298887

Iter    800 | Loss: 2.2875 | LR: 1.20e-03 | Tokens/sec: 298893

Iter    900 | Loss: 2.2298 | LR: 1.35e-03 | Tokens/sec: 298922

Iter   1000 | Loss: 2.1963 | LR: 1.50e-03 | Tokens/sec: 298665

Evaluating at iteration 1000...
Iter   1000 | Train loss: 2.1813 (ppl: 8.86) | Val loss: 2.1661 (ppl: 8.72)

Iter   1100 | Loss: 2.1623 | LR: 1.65e-03 | Tokens/sec: 136581

Iter   1200 | Loss: 2.1428 | LR: 1.80e-03 | Tokens/sec: 298879

Iter   1300 | Loss: 2.1264 | LR: 1.95e-03 | Tokens/sec: 298935

Iter   1400 | Loss: 2.1170 | LR: 2.10e-03 | Tokens/sec: 298881

Iter   1500 | Loss: 2.1026 | LR: 2.25e-03 | Tokens/sec: 298897

Evaluating at iteration 1500...
Iter   1500 | Train loss: 2.1052 (ppl: 8.21) | Val loss: 2.0994 (ppl: 8.16)

Iter   1600 | Loss: 2.0897 | LR: 2.40e-03 | Tokens/sec: 136565

Iter   1700 | Loss: 2.0738 | LR: 2.55e-03 | Tokens/sec: 298944

Iter   1800 | Loss: 2.0613 | LR: 2.70e-03 | Tokens/sec: 298768

Iter   1900 | Loss: 2.0452 | LR: 2.85e-03 | Tokens/sec: 298819

Iter   2000 | Loss: 2.0356 | LR: 3.00e-03 | Tokens/sec: 298994

Evaluating at iteration 2000...
Iter   2000 | Train loss: 2.0270 (ppl: 7.59) | Val loss: 2.0251 (ppl: 7.58)

Iter   2100 | Loss: 2.0118 | LR: 3.00e-03 | Tokens/sec: 136572

Iter   2200 | Loss: 1.9962 | LR: 3.00e-03 | Tokens/sec: 298910

Iter   2300 | Loss: 1.9771 | LR: 2.99e-03 | Tokens/sec: 298957

Iter   2400 | Loss: 1.9495 | LR: 2.98e-03 | Tokens/sec: 298904

Iter   2500 | Loss: 1.9449 | LR: 2.97e-03 | Tokens/sec: 298951

Evaluating at iteration 2500...
Iter   2500 | Train loss: 1.9304 (ppl: 6.89) | Val loss: 1.9255 (ppl: 6.86)

Iter   2600 | Loss: 1.9198 | LR: 2.96e-03 | Tokens/sec: 136569

Iter   2700 | Loss: 1.9070 | LR: 2.94e-03 | Tokens/sec: 298735

Iter   2800 | Loss: 1.8952 | LR: 2.93e-03 | Tokens/sec: 299104

Iter   2900 | Loss: 1.8673 | LR: 2.91e-03 | Tokens/sec: 299066

Iter   3000 | Loss: 1.8634 | LR: 2.89e-03 | Tokens/sec: 299045

Evaluating at iteration 3000...
Iter   3000 | Train loss: 1.8465 (ppl: 6.34) | Val loss: 1.8532 (ppl: 6.38)

Iter   3100 | Loss: 1.8501 | LR: 2.86e-03 | Tokens/sec: 136482

Iter   3200 | Loss: 1.8385 | LR: 2.84e-03 | Tokens/sec: 298936

Iter   3300 | Loss: 1.8291 | LR: 2.81e-03 | Tokens/sec: 298887

Iter   3400 | Loss: 1.8142 | LR: 2.78e-03 | Tokens/sec: 298933

Iter   3500 | Loss: 1.7952 | LR: 2.75e-03 | Tokens/sec: 298914

Evaluating at iteration 3500...
Iter   3500 | Train loss: 1.8032 (ppl: 6.07) | Val loss: 1.8062 (ppl: 6.09)

Iter   3600 | Loss: 1.8007 | LR: 2.71e-03 | Tokens/sec: 136463

Iter   3700 | Loss: 1.7746 | LR: 2.68e-03 | Tokens/sec: 298954

Iter   3800 | Loss: 1.7837 | LR: 2.64e-03 | Tokens/sec: 298918

Iter   3900 | Loss: 1.7775 | LR: 2.60e-03 | Tokens/sec: 298942

Iter   4000 | Loss: 1.7603 | LR: 2.56e-03 | Tokens/sec: 298948

Evaluating at iteration 4000...
Iter   4000 | Train loss: 1.7512 (ppl: 5.76) | Val loss: 1.7558 (ppl: 5.79)

Iter   4100 | Loss: 1.7473 | LR: 2.52e-03 | Tokens/sec: 136499

Iter   4200 | Loss: 1.7442 | LR: 2.47e-03 | Tokens/sec: 298901

Iter   4300 | Loss: 1.7291 | LR: 2.43e-03 | Tokens/sec: 298864

Iter   4400 | Loss: 1.7253 | LR: 2.38e-03 | Tokens/sec: 298911

Iter   4500 | Loss: 1.7279 | LR: 2.33e-03 | Tokens/sec: 298701

Evaluating at iteration 4500...
Iter   4500 | Train loss: 1.7143 (ppl: 5.55) | Val loss: 1.7124 (ppl: 5.54)

Iter   4600 | Loss: 1.7165 | LR: 2.28e-03 | Tokens/sec: 136528

Iter   4700 | Loss: 1.6988 | LR: 2.23e-03 | Tokens/sec: 298881

Iter   4800 | Loss: 1.6983 | LR: 2.18e-03 | Tokens/sec: 298915

Iter   4900 | Loss: 1.6902 | LR: 2.13e-03 | Tokens/sec: 298869

Iter   5000 | Loss: 1.6810 | LR: 2.07e-03 | Tokens/sec: 298852

Evaluating at iteration 5000...
Iter   5000 | Train loss: 1.6778 (ppl: 5.35) | Val loss: 1.6813 (ppl: 5.37)

Saving checkpoint to checkpoints/ablation_post_norm/checkpoint_iter_5000.pt

Iter   5100 | Loss: 1.6795 | LR: 2.02e-03 | Tokens/sec: 127584

Iter   5200 | Loss: 1.6725 | LR: 1.96e-03 | Tokens/sec: 298910

Iter   5300 | Loss: 1.6585 | LR: 1.91e-03 | Tokens/sec: 298882

Iter   5400 | Loss: 1.6519 | LR: 1.85e-03 | Tokens/sec: 298580

Iter   5500 | Loss: 1.6503 | LR: 1.79e-03 | Tokens/sec: 298823

Evaluating at iteration 5500...
Iter   5500 | Train loss: 1.6472 (ppl: 5.19) | Val loss: 1.6451 (ppl: 5.18)

Iter   5600 | Loss: 1.6484 | LR: 1.73e-03 | Tokens/sec: 136512

Iter   5700 | Loss: 1.6335 | LR: 1.68e-03 | Tokens/sec: 298918

Iter   5800 | Loss: 1.6271 | LR: 1.62e-03 | Tokens/sec: 298880

Iter   5900 | Loss: 1.6221 | LR: 1.56e-03 | Tokens/sec: 298848

Iter   6000 | Loss: 1.6165 | LR: 1.50e-03 | Tokens/sec: 298868

Evaluating at iteration 6000...
Iter   6000 | Train loss: 1.6114 (ppl: 5.01) | Val loss: 1.6106 (ppl: 5.01)

Iter   6100 | Loss: 1.6050 | LR: 1.44e-03 | Tokens/sec: 136490

Iter   6200 | Loss: 1.6029 | LR: 1.38e-03 | Tokens/sec: 298503

Iter   6300 | Loss: 1.6028 | LR: 1.32e-03 | Tokens/sec: 298926

Iter   6400 | Loss: 1.5866 | LR: 1.27e-03 | Tokens/sec: 298831

Iter   6500 | Loss: 1.5791 | LR: 1.21e-03 | Tokens/sec: 298915

Evaluating at iteration 6500...
Iter   6500 | Train loss: 1.5875 (ppl: 4.89) | Val loss: 1.5823 (ppl: 4.87)

Iter   6600 | Loss: 1.5775 | LR: 1.15e-03 | Tokens/sec: 136494

Iter   6700 | Loss: 1.5674 | LR: 1.09e-03 | Tokens/sec: 298909

Iter   6800 | Loss: 1.5701 | LR: 1.04e-03 | Tokens/sec: 298774

Iter   6900 | Loss: 1.5670 | LR: 9.81e-04 | Tokens/sec: 298843

Iter   7000 | Loss: 1.5604 | LR: 9.26e-04 | Tokens/sec: 298821

Evaluating at iteration 7000...
Iter   7000 | Train loss: 1.5551 (ppl: 4.74) | Val loss: 1.5510 (ppl: 4.72)

Iter   7100 | Loss: 1.5511 | LR: 8.72e-04 | Tokens/sec: 136431

Iter   7200 | Loss: 1.5443 | LR: 8.19e-04 | Tokens/sec: 298745

Iter   7300 | Loss: 1.5361 | LR: 7.67e-04 | Tokens/sec: 298724

Iter   7400 | Loss: 1.5308 | LR: 7.16e-04 | Tokens/sec: 298735

Iter   7500 | Loss: 1.5309 | LR: 6.67e-04 | Tokens/sec: 298732

Evaluating at iteration 7500...
Iter   7500 | Train loss: 1.5291 (ppl: 4.61) | Val loss: 1.5286 (ppl: 4.61)

Iter   7600 | Loss: 1.5202 | LR: 6.18e-04 | Tokens/sec: 136460

Iter   7700 | Loss: 1.5303 | LR: 5.71e-04 | Tokens/sec: 298738

Iter   7800 | Loss: 1.5234 | LR: 5.26e-04 | Tokens/sec: 298761

Iter   7900 | Loss: 1.5077 | LR: 4.82e-04 | Tokens/sec: 298769

Iter   8000 | Loss: 1.5142 | LR: 4.39e-04 | Tokens/sec: 298725

Evaluating at iteration 8000...
Iter   8000 | Train loss: 1.5081 (ppl: 4.52) | Val loss: 1.5044 (ppl: 4.50)

Iter   8100 | Loss: 1.5072 | LR: 3.99e-04 | Tokens/sec: 136402

Iter   8200 | Loss: 1.4948 | LR: 3.59e-04 | Tokens/sec: 298766

Iter   8300 | Loss: 1.4941 | LR: 3.22e-04 | Tokens/sec: 298765

Iter   8400 | Loss: 1.4903 | LR: 2.86e-04 | Tokens/sec: 298733

Iter   8500 | Loss: 1.4807 | LR: 2.53e-04 | Tokens/sec: 298712

Evaluating at iteration 8500...
Iter   8500 | Train loss: 1.4865 (ppl: 4.42) | Val loss: 1.4902 (ppl: 4.44)

Iter   8600 | Loss: 1.4863 | LR: 2.21e-04 | Tokens/sec: 136473

Iter   8700 | Loss: 1.4814 | LR: 1.91e-04 | Tokens/sec: 298793

Iter   8800 | Loss: 1.4740 | LR: 1.63e-04 | Tokens/sec: 298800

Iter   8900 | Loss: 1.4823 | LR: 1.38e-04 | Tokens/sec: 298466

Iter   9000 | Loss: 1.4784 | LR: 1.14e-04 | Tokens/sec: 298781

Evaluating at iteration 9000...
Iter   9000 | Train loss: 1.4758 (ppl: 4.37) | Val loss: 1.4797 (ppl: 4.39)

Iter   9100 | Loss: 1.4781 | LR: 9.27e-05 | Tokens/sec: 136473

Iter   9200 | Loss: 1.4718 | LR: 7.34e-05 | Tokens/sec: 298764

Iter   9300 | Loss: 1.4750 | LR: 5.63e-05 | Tokens/sec: 298872

Iter   9400 | Loss: 1.4670 | LR: 4.14e-05 | Tokens/sec: 299173

Iter   9500 | Loss: 1.4648 | LR: 2.88e-05 | Tokens/sec: 299163

Evaluating at iteration 9500...
Iter   9500 | Train loss: 1.4658 (ppl: 4.33) | Val loss: 1.4732 (ppl: 4.36)

Iter   9600 | Loss: 1.4683 | LR: 1.85e-05 | Tokens/sec: 136628

Iter   9700 | Loss: 1.4716 | LR: 1.04e-05 | Tokens/sec: 299219

Iter   9800 | Loss: 1.4790 | LR: 4.62e-06 | Tokens/sec: 298677

Iter   9900 | Loss: 1.4668 | LR: 1.16e-06 | Tokens/sec: 299174

Saving final checkpoint to checkpoints/ablation_post_norm/checkpoint_final.pt

Final evaluation...
Final | Train loss: 1.4665 (ppl: 4.33) | Val loss: 1.4716 (ppl: 4.36)
Job completed at Sun Feb 15 04:44:24 CST 2026
