Job started on gpua021.delta.ncsa.illinois.edu at Sun Feb 15 03:32:57 CST 2026
Job ID: 15891207, Task ID: 5
Working directory: /projects/bfdy/ece405-assignment1-basics
CUDA devices: 0
Number of CPUs: 16
Number of GPUs: 1
Memory: 24576 MB
Sun Feb 15 03:32:57 2026       
+-----------------------------------------------------------------------------------------+
| NVIDIA-SMI 570.148.08             Driver Version: 570.148.08     CUDA Version: 12.8     |
|-----------------------------------------+------------------------+----------------------+
| GPU  Name                 Persistence-M | Bus-Id          Disp.A | Volatile Uncorr. ECC |
| Fan  Temp   Perf          Pwr:Usage/Cap |           Memory-Usage | GPU-Util  Compute M. |
|                                         |                        |               MIG M. |
|=========================================+========================+======================|
|   0  NVIDIA A100-SXM4-40GB          On  |   00000000:C7:00.0 Off |                    0 |
| N/A   30C    P0             51W /  400W |       0MiB /  40960MiB |      0%      Default |
|                                         |                        |             Disabled |
+-----------------------------------------+------------------------+----------------------+
                                                                                         
+-----------------------------------------------------------------------------------------+
| Processes:                                                                              |
|  GPU   GI   CI              PID   Type   Process name                        GPU Memory |
|        ID   ID                                                               Usage      |
|=========================================================================================|
|  No running processes found                                                             |
+-----------------------------------------------------------------------------------------+
============================================
Training with batch size: 256
============================================

================================================================================
Training Configuration
================================================================================
Model:
  Vocabulary size: 10,000
  Context length: 256
  Model dimension: 512
  Number of layers: 4
  Number of heads: 16
  Feed-forward dimension: 1344
  RoPE theta: 10000.0

Optimizer:
  Learning rate: 0.0003
  Weight decay: 0.001
  Beta1: 0.9
  Beta2: 0.95
  Epsilon: 1e-08

Learning Rate Schedule:
  Max LR: 0.003
  Min LR: 0.0
  Warmup iterations: 2,000

Training:
  Batch size: 256
  Max iterations: 10,000
  Gradient clipping: 1.0

Data:
  Training data: artifacts/tinystories_train_encoded.npy
  Validation data: artifacts/tinystories_valid_encoded.npy

Checkpointing:
  Checkpoint directory: checkpoints/tinystories_batch_256
  Save interval: 5,000 iterations
  Eval interval: 500 iterations

Device: cuda
Random seed: 42
Weights & Biases: enabled (project: ece405-tinystories-batchsweep)
================================================================================

Initializing model...
Model initialized with 22,696,448 parameters

Iter      0 | Loss: 9.2597 | LR: 0.00e+00 | Tokens/sec: 340494

Iter    100 | Loss: 7.3499 | LR: 1.50e-04 | Tokens/sec: 268314

Iter    200 | Loss: 3.9096 | LR: 3.00e-04 | Tokens/sec: 319759

Iter    300 | Loss: 3.0051 | LR: 4.50e-04 | Tokens/sec: 319460

Iter    400 | Loss: 2.6246 | LR: 6.00e-04 | Tokens/sec: 320919

Iter    500 | Loss: 2.3895 | LR: 7.50e-04 | Tokens/sec: 320640

Evaluating at iteration 500...
Iter    500 | Train loss: 2.2972 (ppl: 9.95) | Val loss: 2.2988 (ppl: 9.96)

Iter    600 | Loss: 2.2095 | LR: 9.00e-04 | Tokens/sec: 120870

Iter    700 | Loss: 2.0809 | LR: 1.05e-03 | Tokens/sec: 320595

Iter    800 | Loss: 1.9890 | LR: 1.20e-03 | Tokens/sec: 324831

Iter    900 | Loss: 1.9180 | LR: 1.35e-03 | Tokens/sec: 324912

Iter   1000 | Loss: 1.8687 | LR: 1.50e-03 | Tokens/sec: 325896

Evaluating at iteration 1000...
Iter   1000 | Train loss: 1.8468 (ppl: 6.34) | Val loss: 1.8478 (ppl: 6.35)

Iter   1100 | Loss: 1.8307 | LR: 1.65e-03 | Tokens/sec: 140906

Iter   1200 | Loss: 1.8054 | LR: 1.80e-03 | Tokens/sec: 326740

Iter   1300 | Loss: 1.7781 | LR: 1.95e-03 | Tokens/sec: 325104

Iter   1400 | Loss: 1.7553 | LR: 2.10e-03 | Tokens/sec: 325564

Iter   1500 | Loss: 1.7394 | LR: 2.25e-03 | Tokens/sec: 325160

Evaluating at iteration 1500...
Iter   1500 | Train loss: 1.7281 (ppl: 5.63) | Val loss: 1.7298 (ppl: 5.64)

Iter   1600 | Loss: 1.7187 | LR: 2.40e-03 | Tokens/sec: 143154

Iter   1700 | Loss: 1.7049 | LR: 2.55e-03 | Tokens/sec: 324072

Iter   1800 | Loss: 1.6864 | LR: 2.70e-03 | Tokens/sec: 326044

Iter   1900 | Loss: 1.6738 | LR: 2.85e-03 | Tokens/sec: 322155

Iter   2000 | Loss: 1.6566 | LR: 3.00e-03 | Tokens/sec: 318645

Evaluating at iteration 2000...
Iter   2000 | Train loss: 1.6526 (ppl: 5.22) | Val loss: 1.6520 (ppl: 5.22)

Iter   2100 | Loss: 1.6409 | LR: 3.00e-03 | Tokens/sec: 139180

Iter   2200 | Loss: 1.6227 | LR: 3.00e-03 | Tokens/sec: 319241

Iter   2300 | Loss: 1.6076 | LR: 2.99e-03 | Tokens/sec: 314041

Iter   2400 | Loss: 1.5920 | LR: 2.98e-03 | Tokens/sec: 317442

Iter   2500 | Loss: 1.5802 | LR: 2.97e-03 | Tokens/sec: 319301

Evaluating at iteration 2500...
Iter   2500 | Train loss: 1.5702 (ppl: 4.81) | Val loss: 1.5760 (ppl: 4.84)

Iter   2600 | Loss: 1.5670 | LR: 2.96e-03 | Tokens/sec: 140080

Iter   2700 | Loss: 1.5551 | LR: 2.94e-03 | Tokens/sec: 318728

Iter   2800 | Loss: 1.5431 | LR: 2.93e-03 | Tokens/sec: 318973

Iter   2900 | Loss: 1.5354 | LR: 2.91e-03 | Tokens/sec: 321588

Iter   3000 | Loss: 1.5245 | LR: 2.89e-03 | Tokens/sec: 319893

Evaluating at iteration 3000...
Iter   3000 | Train loss: 1.5202 (ppl: 4.57) | Val loss: 1.5272 (ppl: 4.61)

Iter   3100 | Loss: 1.5162 | LR: 2.86e-03 | Tokens/sec: 138845

Iter   3200 | Loss: 1.5134 | LR: 2.84e-03 | Tokens/sec: 318882

Iter   3300 | Loss: 1.5000 | LR: 2.81e-03 | Tokens/sec: 318136

Iter   3400 | Loss: 1.4950 | LR: 2.78e-03 | Tokens/sec: 319045

Iter   3500 | Loss: 1.4877 | LR: 2.75e-03 | Tokens/sec: 320310

Evaluating at iteration 3500...
Iter   3500 | Train loss: 1.4850 (ppl: 4.41) | Val loss: 1.4865 (ppl: 4.42)

Iter   3600 | Loss: 1.4822 | LR: 2.71e-03 | Tokens/sec: 139469

Iter   3700 | Loss: 1.4710 | LR: 2.68e-03 | Tokens/sec: 319903

Iter   3800 | Loss: 1.4657 | LR: 2.64e-03 | Tokens/sec: 319664

Iter   3900 | Loss: 1.4619 | LR: 2.60e-03 | Tokens/sec: 319261

Iter   4000 | Loss: 1.4576 | LR: 2.56e-03 | Tokens/sec: 317603

Evaluating at iteration 4000...
Iter   4000 | Train loss: 1.4555 (ppl: 4.29) | Val loss: 1.4606 (ppl: 4.31)

Iter   4100 | Loss: 1.4513 | LR: 2.52e-03 | Tokens/sec: 138961

Iter   4200 | Loss: 1.4458 | LR: 2.47e-03 | Tokens/sec: 320442

Iter   4300 | Loss: 1.4399 | LR: 2.43e-03 | Tokens/sec: 320835

Iter   4400 | Loss: 1.4354 | LR: 2.38e-03 | Tokens/sec: 321245

Iter   4500 | Loss: 1.4262 | LR: 2.33e-03 | Tokens/sec: 318999

Evaluating at iteration 4500...
Iter   4500 | Train loss: 1.4297 (ppl: 4.18) | Val loss: 1.4347 (ppl: 4.20)

Iter   4600 | Loss: 1.4226 | LR: 2.28e-03 | Tokens/sec: 139114

Iter   4700 | Loss: 1.4216 | LR: 2.23e-03 | Tokens/sec: 318664

Iter   4800 | Loss: 1.4193 | LR: 2.18e-03 | Tokens/sec: 318940

Iter   4900 | Loss: 1.4057 | LR: 2.13e-03 | Tokens/sec: 317642

Iter   5000 | Loss: 1.4087 | LR: 2.07e-03 | Tokens/sec: 320768

Evaluating at iteration 5000...
Iter   5000 | Train loss: 1.4033 (ppl: 4.07) | Val loss: 1.4141 (ppl: 4.11)

Saving checkpoint to checkpoints/tinystories_batch_256/checkpoint_iter_5000.pt

Iter   5100 | Loss: 1.4049 | LR: 2.02e-03 | Tokens/sec: 136405

Iter   5200 | Loss: 1.4013 | LR: 1.96e-03 | Tokens/sec: 321053

Iter   5300 | Loss: 1.3971 | LR: 1.91e-03 | Tokens/sec: 318872

Iter   5400 | Loss: 1.3949 | LR: 1.85e-03 | Tokens/sec: 318976

Iter   5500 | Loss: 1.3873 | LR: 1.79e-03 | Tokens/sec: 318277

Evaluating at iteration 5500...
Iter   5500 | Train loss: 1.3858 (ppl: 4.00) | Val loss: 1.3942 (ppl: 4.03)

Iter   5600 | Loss: 1.3811 | LR: 1.73e-03 | Tokens/sec: 140535

Iter   5700 | Loss: 1.3810 | LR: 1.68e-03 | Tokens/sec: 319581

Iter   5800 | Loss: 1.3758 | LR: 1.62e-03 | Tokens/sec: 318353

Iter   5900 | Loss: 1.3712 | LR: 1.56e-03 | Tokens/sec: 318847

Iter   6000 | Loss: 1.3699 | LR: 1.50e-03 | Tokens/sec: 318887

Evaluating at iteration 6000...
Iter   6000 | Train loss: 1.3665 (ppl: 3.92) | Val loss: 1.3792 (ppl: 3.97)

Iter   6100 | Loss: 1.3637 | LR: 1.44e-03 | Tokens/sec: 141974

Iter   6200 | Loss: 1.3639 | LR: 1.38e-03 | Tokens/sec: 320474

Iter   6300 | Loss: 1.3593 | LR: 1.32e-03 | Tokens/sec: 319378

Iter   6400 | Loss: 1.3555 | LR: 1.27e-03 | Tokens/sec: 318767

Iter   6500 | Loss: 1.3496 | LR: 1.21e-03 | Tokens/sec: 319245

Evaluating at iteration 6500...
Iter   6500 | Train loss: 1.3493 (ppl: 3.85) | Val loss: 1.3569 (ppl: 3.88)

Iter   6600 | Loss: 1.3510 | LR: 1.15e-03 | Tokens/sec: 139676

Iter   6700 | Loss: 1.3476 | LR: 1.09e-03 | Tokens/sec: 320188

Iter   6800 | Loss: 1.3423 | LR: 1.04e-03 | Tokens/sec: 319341

Iter   6900 | Loss: 1.3376 | LR: 9.81e-04 | Tokens/sec: 320466

Iter   7000 | Loss: 1.3330 | LR: 9.26e-04 | Tokens/sec: 318716

Evaluating at iteration 7000...
Iter   7000 | Train loss: 1.3326 (ppl: 3.79) | Val loss: 1.3449 (ppl: 3.84)

Iter   7100 | Loss: 1.3297 | LR: 8.72e-04 | Tokens/sec: 139274

Iter   7200 | Loss: 1.3292 | LR: 8.19e-04 | Tokens/sec: 318796

Iter   7300 | Loss: 1.3258 | LR: 7.67e-04 | Tokens/sec: 319486

Iter   7400 | Loss: 1.3250 | LR: 7.16e-04 | Tokens/sec: 319022

Iter   7500 | Loss: 1.3184 | LR: 6.67e-04 | Tokens/sec: 318687

Evaluating at iteration 7500...
Iter   7500 | Train loss: 1.3234 (ppl: 3.76) | Val loss: 1.3300 (ppl: 3.78)

Iter   7600 | Loss: 1.3195 | LR: 6.18e-04 | Tokens/sec: 139261

Iter   7700 | Loss: 1.3189 | LR: 5.71e-04 | Tokens/sec: 319717

Iter   7800 | Loss: 1.3141 | LR: 5.26e-04 | Tokens/sec: 318863

Iter   7900 | Loss: 1.3137 | LR: 4.82e-04 | Tokens/sec: 317197

Iter   8000 | Loss: 1.3114 | LR: 4.39e-04 | Tokens/sec: 319469

Evaluating at iteration 8000...
Iter   8000 | Train loss: 1.3094 (ppl: 3.70) | Val loss: 1.3189 (ppl: 3.74)

Iter   8100 | Loss: 1.3040 | LR: 3.99e-04 | Tokens/sec: 139116

Iter   8200 | Loss: 1.3082 | LR: 3.59e-04 | Tokens/sec: 320360

Iter   8300 | Loss: 1.3061 | LR: 3.22e-04 | Tokens/sec: 319367

Iter   8400 | Loss: 1.3053 | LR: 2.86e-04 | Tokens/sec: 319544

Iter   8500 | Loss: 1.3000 | LR: 2.53e-04 | Tokens/sec: 318495

Evaluating at iteration 8500...
Iter   8500 | Train loss: 1.3016 (ppl: 3.68) | Val loss: 1.3125 (ppl: 3.72)

Iter   8600 | Loss: 1.3022 | LR: 2.21e-04 | Tokens/sec: 139036

Iter   8700 | Loss: 1.2985 | LR: 1.91e-04 | Tokens/sec: 319779

Iter   8800 | Loss: 1.2964 | LR: 1.63e-04 | Tokens/sec: 318004

Iter   8900 | Loss: 1.2972 | LR: 1.38e-04 | Tokens/sec: 319509

Iter   9000 | Loss: 1.2958 | LR: 1.14e-04 | Tokens/sec: 318555

Evaluating at iteration 9000...
Iter   9000 | Train loss: 1.2924 (ppl: 3.64) | Val loss: 1.3050 (ppl: 3.69)

Iter   9100 | Loss: 1.2946 | LR: 9.27e-05 | Tokens/sec: 141111

Iter   9200 | Loss: 1.2960 | LR: 7.34e-05 | Tokens/sec: 318590

Iter   9300 | Loss: 1.2917 | LR: 5.63e-05 | Tokens/sec: 318645

Iter   9400 | Loss: 1.2897 | LR: 4.14e-05 | Tokens/sec: 317331

Iter   9500 | Loss: 1.2918 | LR: 2.88e-05 | Tokens/sec: 318721

Evaluating at iteration 9500...
Iter   9500 | Train loss: 1.2903 (ppl: 3.63) | Val loss: 1.3042 (ppl: 3.68)

Iter   9600 | Loss: 1.2963 | LR: 1.85e-05 | Tokens/sec: 139495

Iter   9700 | Loss: 1.2916 | LR: 1.04e-05 | Tokens/sec: 318887

Iter   9800 | Loss: 1.2933 | LR: 4.62e-06 | Tokens/sec: 319579

Iter   9900 | Loss: 1.2898 | LR: 1.16e-06 | Tokens/sec: 320218

Saving final checkpoint to checkpoints/tinystories_batch_256/checkpoint_final.pt

Final evaluation...
Final | Train loss: 1.2895 (ppl: 3.63) | Val loss: 1.3044 (ppl: 3.69)
Job completed at Sun Feb 15 04:16:35 CST 2026
