Job started on gpua010.delta.ncsa.illinois.edu at Sun Feb 15 02:47:51 CST 2026
Job ID: 15890707, Task ID: 0
Working directory: /projects/bfdy/ece405-assignment1-basics
CUDA devices: 0
Number of CPUs: 16
Number of GPUs: 1
Memory: 24576 MB
Sun Feb 15 02:47:51 2026       
+-----------------------------------------------------------------------------------------+
| NVIDIA-SMI 570.148.08             Driver Version: 570.148.08     CUDA Version: 12.8     |
|-----------------------------------------+------------------------+----------------------+
| GPU  Name                 Persistence-M | Bus-Id          Disp.A | Volatile Uncorr. ECC |
| Fan  Temp   Perf          Pwr:Usage/Cap |           Memory-Usage | GPU-Util  Compute M. |
|                                         |                        |               MIG M. |
|=========================================+========================+======================|
|   0  NVIDIA A100-SXM4-40GB          On  |   00000000:85:00.0 Off |                    0 |
| N/A   29C    P0             52W /  400W |       0MiB /  40960MiB |      0%      Default |
|                                         |                        |             Disabled |
+-----------------------------------------+------------------------+----------------------+
                                                                                         
+-----------------------------------------------------------------------------------------+
| Processes:                                                                              |
|  GPU   GI   CI              PID   Type   Process name                        GPU Memory |
|        ID   ID                                                               Usage      |
|=========================================================================================|
|  No running processes found                                                             |
+-----------------------------------------------------------------------------------------+
============================================
Training with learning rate: 1e-5
============================================

================================================================================
Training Configuration
================================================================================
Model:
  Vocabulary size: 10,000
  Context length: 256
  Model dimension: 512
  Number of layers: 4
  Number of heads: 16
  Feed-forward dimension: 1344
  RoPE theta: 10000.0

Optimizer:
  Learning rate: 0.0003
  Weight decay: 0.001
  Beta1: 0.9
  Beta2: 0.95
  Epsilon: 1e-08

Learning Rate Schedule:
  Max LR: 1e-05
  Min LR: 0.0
  Warmup iterations: 2,000

Training:
  Batch size: 128
  Max iterations: 40,000
  Gradient clipping: 1.0

Data:
  Training data: artifacts/tinystories_train_encoded.npy
  Validation data: artifacts/tinystories_valid_encoded.npy

Checkpointing:
  Checkpoint directory: checkpoints/tinystories_lr_1e-5
  Save interval: 5,000 iterations
  Eval interval: 500 iterations

Device: cuda
Random seed: 42
Weights & Biases: enabled (project: ece405-tinystories-lrsweep)
================================================================================

Initializing model...
Model initialized with 22,696,448 parameters

Iter      0 | Loss: 9.2602 | LR: 0.00e+00 | Tokens/sec: 94466

Iter    100 | Loss: 9.2504 | LR: 5.00e-07 | Tokens/sec: 229489

Iter    200 | Loss: 9.1893 | LR: 1.00e-06 | Tokens/sec: 317574

Iter    300 | Loss: 9.0653 | LR: 1.50e-06 | Tokens/sec: 317794

Iter    400 | Loss: 8.8707 | LR: 2.00e-06 | Tokens/sec: 317737

Iter    500 | Loss: 8.6025 | LR: 2.50e-06 | Tokens/sec: 317713

Evaluating at iteration 500...
Iter    500 | Train loss: 8.4446 (ppl: 4649.88) | Val loss: 8.4439 (ppl: 4646.56)

Iter    600 | Loss: 8.2831 | LR: 3.00e-06 | Tokens/sec: 108319

Iter    700 | Loss: 7.9567 | LR: 3.50e-06 | Tokens/sec: 317690

Iter    800 | Loss: 7.6383 | LR: 4.00e-06 | Tokens/sec: 317739

Iter    900 | Loss: 7.3107 | LR: 4.50e-06 | Tokens/sec: 317686

Iter   1000 | Loss: 6.9660 | LR: 5.00e-06 | Tokens/sec: 317633

Evaluating at iteration 1000...
Iter   1000 | Train loss: 6.7875 (ppl: 886.73) | Val loss: 6.7870 (ppl: 886.25)

Iter   1100 | Loss: 6.6088 | LR: 5.50e-06 | Tokens/sec: 141375

Iter   1200 | Loss: 6.2504 | LR: 6.00e-06 | Tokens/sec: 317700

Iter   1300 | Loss: 5.9106 | LR: 6.50e-06 | Tokens/sec: 317747

Iter   1400 | Loss: 5.5882 | LR: 7.00e-06 | Tokens/sec: 317791

Iter   1500 | Loss: 5.3085 | LR: 7.50e-06 | Tokens/sec: 317704

Evaluating at iteration 1500...
Iter   1500 | Train loss: 5.1725 (ppl: 176.35) | Val loss: 5.1668 (ppl: 175.35)

Iter   1600 | Loss: 5.0550 | LR: 8.00e-06 | Tokens/sec: 116583

Iter   1700 | Loss: 4.8303 | LR: 8.50e-06 | Tokens/sec: 318352

Iter   1800 | Loss: 4.6345 | LR: 9.00e-06 | Tokens/sec: 318326

Iter   1900 | Loss: 4.4657 | LR: 9.50e-06 | Tokens/sec: 318360

Iter   2000 | Loss: 4.3116 | LR: 1.00e-05 | Tokens/sec: 318106

Evaluating at iteration 2000...
Iter   2000 | Train loss: 4.2410 (ppl: 69.48) | Val loss: 4.2344 (ppl: 69.02)

Iter   2100 | Loss: 4.1740 | LR: 1.00e-05 | Tokens/sec: 141543

Iter   2200 | Loss: 4.0499 | LR: 1.00e-05 | Tokens/sec: 318324

Iter   2300 | Loss: 3.9529 | LR: 1.00e-05 | Tokens/sec: 318335

Iter   2400 | Loss: 3.8610 | LR: 1.00e-05 | Tokens/sec: 318300

Iter   2500 | Loss: 3.7846 | LR: 1.00e-05 | Tokens/sec: 318025

Evaluating at iteration 2500...
Iter   2500 | Train loss: 3.7467 (ppl: 42.38) | Val loss: 3.7410 (ppl: 42.14)

Iter   2600 | Loss: 3.7151 | LR: 9.99e-06 | Tokens/sec: 141557

Iter   2700 | Loss: 3.6480 | LR: 9.99e-06 | Tokens/sec: 318252

Iter   2800 | Loss: 3.5932 | LR: 9.99e-06 | Tokens/sec: 318258

Iter   2900 | Loss: 3.5436 | LR: 9.99e-06 | Tokens/sec: 318309

Iter   3000 | Loss: 3.4978 | LR: 9.98e-06 | Tokens/sec: 318048

Evaluating at iteration 3000...
Iter   3000 | Train loss: 3.4761 (ppl: 32.33) | Val loss: 3.4685 (ppl: 32.09)

Iter   3100 | Loss: 3.4508 | LR: 9.98e-06 | Tokens/sec: 141266

Iter   3200 | Loss: 3.4159 | LR: 9.98e-06 | Tokens/sec: 318246

Iter   3300 | Loss: 3.3792 | LR: 9.97e-06 | Tokens/sec: 318301

Iter   3400 | Loss: 3.3491 | LR: 9.97e-06 | Tokens/sec: 318118

Iter   3500 | Loss: 3.3148 | LR: 9.96e-06 | Tokens/sec: 318308

Evaluating at iteration 3500...
Iter   3500 | Train loss: 3.2990 (ppl: 27.09) | Val loss: 3.2935 (ppl: 26.94)

Iter   3600 | Loss: 3.2875 | LR: 9.96e-06 | Tokens/sec: 141558

Iter   3700 | Loss: 3.2545 | LR: 9.95e-06 | Tokens/sec: 318334

Iter   3800 | Loss: 3.2316 | LR: 9.94e-06 | Tokens/sec: 318316

Iter   3900 | Loss: 3.2129 | LR: 9.94e-06 | Tokens/sec: 318117

Iter   4000 | Loss: 3.1855 | LR: 9.93e-06 | Tokens/sec: 318267

Evaluating at iteration 4000...
Iter   4000 | Train loss: 3.1728 (ppl: 23.87) | Val loss: 3.1635 (ppl: 23.65)

Iter   4100 | Loss: 3.1593 | LR: 9.92e-06 | Tokens/sec: 141552

Iter   4200 | Loss: 3.1284 | LR: 9.92e-06 | Tokens/sec: 318311

Iter   4300 | Loss: 3.1088 | LR: 9.91e-06 | Tokens/sec: 318110

Iter   4400 | Loss: 3.0925 | LR: 9.90e-06 | Tokens/sec: 318252

Iter   4500 | Loss: 3.0758 | LR: 9.89e-06 | Tokens/sec: 318228

Evaluating at iteration 4500...
Iter   4500 | Train loss: 3.0637 (ppl: 21.41) | Val loss: 3.0627 (ppl: 21.38)

Iter   4600 | Loss: 3.0556 | LR: 9.88e-06 | Tokens/sec: 141544

Iter   4700 | Loss: 3.0381 | LR: 9.88e-06 | Tokens/sec: 318306

Iter   4800 | Loss: 3.0180 | LR: 9.87e-06 | Tokens/sec: 318121

Iter   4900 | Loss: 3.0033 | LR: 9.86e-06 | Tokens/sec: 318400

Iter   5000 | Loss: 2.9918 | LR: 9.85e-06 | Tokens/sec: 318310

Evaluating at iteration 5000...
Iter   5000 | Train loss: 2.9858 (ppl: 19.80) | Val loss: 2.9817 (ppl: 19.72)

Saving checkpoint to checkpoints/tinystories_lr_1e-5/checkpoint_iter_5000.pt

Iter   5100 | Loss: 2.9728 | LR: 9.84e-06 | Tokens/sec: 135394

Iter   5200 | Loss: 2.9622 | LR: 9.83e-06 | Tokens/sec: 318258

Iter   5300 | Loss: 2.9554 | LR: 9.82e-06 | Tokens/sec: 318376

Iter   5400 | Loss: 2.9317 | LR: 9.80e-06 | Tokens/sec: 318323

Iter   5500 | Loss: 2.9188 | LR: 9.79e-06 | Tokens/sec: 318403

Evaluating at iteration 5500...
Iter   5500 | Train loss: 2.9145 (ppl: 18.44) | Val loss: 2.9151 (ppl: 18.45)

Iter   5600 | Loss: 2.9030 | LR: 9.78e-06 | Tokens/sec: 141585

Iter   5700 | Loss: 2.8928 | LR: 9.77e-06 | Tokens/sec: 318209

Iter   5800 | Loss: 2.8841 | LR: 9.76e-06 | Tokens/sec: 318322

Iter   5900 | Loss: 2.8720 | LR: 9.74e-06 | Tokens/sec: 318334

Iter   6000 | Loss: 2.8566 | LR: 9.73e-06 | Tokens/sec: 318356

Evaluating at iteration 6000...
Iter   6000 | Train loss: 2.8566 (ppl: 17.40) | Val loss: 2.8539 (ppl: 17.36)

Iter   6100 | Loss: 2.8508 | LR: 9.72e-06 | Tokens/sec: 141596

Iter   6200 | Loss: 2.8416 | LR: 9.70e-06 | Tokens/sec: 318154

Iter   6300 | Loss: 2.8417 | LR: 9.69e-06 | Tokens/sec: 318385

Iter   6400 | Loss: 2.8276 | LR: 9.67e-06 | Tokens/sec: 318351

Iter   6500 | Loss: 2.8136 | LR: 9.66e-06 | Tokens/sec: 318333

Evaluating at iteration 6500...
Iter   6500 | Train loss: 2.8076 (ppl: 16.57) | Val loss: 2.8053 (ppl: 16.53)

Iter   6600 | Loss: 2.8007 | LR: 9.64e-06 | Tokens/sec: 141569

Iter   6700 | Loss: 2.7992 | LR: 9.63e-06 | Tokens/sec: 318357

Iter   6800 | Loss: 2.7911 | LR: 9.61e-06 | Tokens/sec: 318355

Iter   6900 | Loss: 2.7769 | LR: 9.60e-06 | Tokens/sec: 318288

Iter   7000 | Loss: 2.7708 | LR: 9.58e-06 | Tokens/sec: 318309

Evaluating at iteration 7000...
Iter   7000 | Train loss: 2.7634 (ppl: 15.85) | Val loss: 2.7575 (ppl: 15.76)

Iter   7100 | Loss: 2.7600 | LR: 9.56e-06 | Tokens/sec: 141556

Iter   7200 | Loss: 2.7528 | LR: 9.55e-06 | Tokens/sec: 318300

Iter   7300 | Loss: 2.7400 | LR: 9.53e-06 | Tokens/sec: 314740

Iter   7400 | Loss: 2.7325 | LR: 9.51e-06 | Tokens/sec: 318279

Iter   7500 | Loss: 2.7226 | LR: 9.49e-06 | Tokens/sec: 318262

Evaluating at iteration 7500...
Iter   7500 | Train loss: 2.7225 (ppl: 15.22) | Val loss: 2.7195 (ppl: 15.17)

Iter   7600 | Loss: 2.7295 | LR: 9.47e-06 | Tokens/sec: 141557

Iter   7700 | Loss: 2.7211 | LR: 9.46e-06 | Tokens/sec: 318275

Iter   7800 | Loss: 2.7041 | LR: 9.44e-06 | Tokens/sec: 318278

Iter   7900 | Loss: 2.6990 | LR: 9.42e-06 | Tokens/sec: 318213

Iter   8000 | Loss: 2.6951 | LR: 9.40e-06 | Tokens/sec: 318222

Evaluating at iteration 8000...
Iter   8000 | Train loss: 2.6906 (ppl: 14.74) | Val loss: 2.6900 (ppl: 14.73)

Iter   8100 | Loss: 2.6842 | LR: 9.38e-06 | Tokens/sec: 141526

Iter   8200 | Loss: 2.6815 | LR: 9.36e-06 | Tokens/sec: 318216

Iter   8300 | Loss: 2.6719 | LR: 9.34e-06 | Tokens/sec: 318266

Iter   8400 | Loss: 2.6658 | LR: 9.32e-06 | Tokens/sec: 318260

Iter   8500 | Loss: 2.6590 | LR: 9.30e-06 | Tokens/sec: 318270

Evaluating at iteration 8500...
Iter   8500 | Train loss: 2.6566 (ppl: 14.25) | Val loss: 2.6560 (ppl: 14.24)

Iter   8600 | Loss: 2.6583 | LR: 9.27e-06 | Tokens/sec: 141555

Iter   8700 | Loss: 2.6560 | LR: 9.25e-06 | Tokens/sec: 318327

Iter   8800 | Loss: 2.6422 | LR: 9.23e-06 | Tokens/sec: 318283

Iter   8900 | Loss: 2.6340 | LR: 9.21e-06 | Tokens/sec: 318314

Iter   9000 | Loss: 2.6274 | LR: 9.19e-06 | Tokens/sec: 318162

Evaluating at iteration 9000...
Iter   9000 | Train loss: 2.6288 (ppl: 13.86) | Val loss: 2.6200 (ppl: 13.74)

Iter   9100 | Loss: 2.6203 | LR: 9.16e-06 | Tokens/sec: 141621

Iter   9200 | Loss: 2.6171 | LR: 9.14e-06 | Tokens/sec: 318502

Iter   9300 | Loss: 2.6104 | LR: 9.12e-06 | Tokens/sec: 318507

Iter   9400 | Loss: 2.6132 | LR: 9.09e-06 | Tokens/sec: 318508

Iter   9500 | Loss: 2.6086 | LR: 9.07e-06 | Tokens/sec: 318225

Evaluating at iteration 9500...
Iter   9500 | Train loss: 2.5978 (ppl: 13.43) | Val loss: 2.5995 (ppl: 13.46)

Iter   9600 | Loss: 2.6012 | LR: 9.05e-06 | Tokens/sec: 141674

Iter   9700 | Loss: 2.5902 | LR: 9.02e-06 | Tokens/sec: 316675

Iter   9800 | Loss: 2.5879 | LR: 9.00e-06 | Tokens/sec: 318455

Iter   9900 | Loss: 2.5770 | LR: 8.97e-06 | Tokens/sec: 318293

Iter  10000 | Loss: 2.5814 | LR: 8.95e-06 | Tokens/sec: 318540

Evaluating at iteration 10000...
Iter  10000 | Train loss: 2.5754 (ppl: 13.14) | Val loss: 2.5749 (ppl: 13.13)

Saving checkpoint to checkpoints/tinystories_lr_1e-5/checkpoint_iter_10000.pt

Iter  10100 | Loss: 2.5767 | LR: 8.92e-06 | Tokens/sec: 136209

Iter  10200 | Loss: 2.5740 | LR: 8.89e-06 | Tokens/sec: 318492

Iter  10300 | Loss: 2.5647 | LR: 8.87e-06 | Tokens/sec: 318477

Iter  10400 | Loss: 2.5681 | LR: 8.84e-06 | Tokens/sec: 318354

Iter  10500 | Loss: 2.5606 | LR: 8.82e-06 | Tokens/sec: 318475

Evaluating at iteration 10500...
Iter  10500 | Train loss: 2.5578 (ppl: 12.91) | Val loss: 2.5535 (ppl: 12.85)

Iter  10600 | Loss: 2.5524 | LR: 8.79e-06 | Tokens/sec: 141671

Iter  10700 | Loss: 2.5534 | LR: 8.76e-06 | Tokens/sec: 318476

Iter  10800 | Loss: 2.5395 | LR: 8.73e-06 | Tokens/sec: 318482

Iter  10900 | Loss: 2.5397 | LR: 8.71e-06 | Tokens/sec: 318344

Iter  11000 | Loss: 2.5336 | LR: 8.68e-06 | Tokens/sec: 318431

Evaluating at iteration 11000...
Iter  11000 | Train loss: 2.5334 (ppl: 12.60) | Val loss: 2.5288 (ppl: 12.54)

Iter  11100 | Loss: 2.5235 | LR: 8.65e-06 | Tokens/sec: 141662

Iter  11200 | Loss: 2.5277 | LR: 8.62e-06 | Tokens/sec: 318476

Iter  11300 | Loss: 2.5260 | LR: 8.59e-06 | Tokens/sec: 318163

Iter  11400 | Loss: 2.5134 | LR: 8.56e-06 | Tokens/sec: 318183

Iter  11500 | Loss: 2.5191 | LR: 8.54e-06 | Tokens/sec: 318108

Evaluating at iteration 11500...
Iter  11500 | Train loss: 2.5111 (ppl: 12.32) | Val loss: 2.5077 (ppl: 12.28)

Iter  11600 | Loss: 2.5112 | LR: 8.51e-06 | Tokens/sec: 141538

Iter  11700 | Loss: 2.5091 | LR: 8.48e-06 | Tokens/sec: 318123

Iter  11800 | Loss: 2.5014 | LR: 8.45e-06 | Tokens/sec: 317558

Iter  11900 | Loss: 2.4951 | LR: 8.42e-06 | Tokens/sec: 318244

Iter  12000 | Loss: 2.4951 | LR: 8.39e-06 | Tokens/sec: 318223

Evaluating at iteration 12000...
Iter  12000 | Train loss: 2.4899 (ppl: 12.06) | Val loss: 2.4910 (ppl: 12.07)

Iter  12100 | Loss: 2.4902 | LR: 8.36e-06 | Tokens/sec: 141525

Iter  12200 | Loss: 2.4849 | LR: 8.33e-06 | Tokens/sec: 317985

Iter  12300 | Loss: 2.4893 | LR: 8.29e-06 | Tokens/sec: 318171

Iter  12400 | Loss: 2.4845 | LR: 8.26e-06 | Tokens/sec: 318054

Iter  12500 | Loss: 2.4845 | LR: 8.23e-06 | Tokens/sec: 318180

Evaluating at iteration 12500...
Iter  12500 | Train loss: 2.4752 (ppl: 11.88) | Val loss: 2.4713 (ppl: 11.84)

Iter  12600 | Loss: 2.4798 | LR: 8.20e-06 | Tokens/sec: 141497

Iter  12700 | Loss: 2.4677 | LR: 8.17e-06 | Tokens/sec: 317864

Iter  12800 | Loss: 2.4615 | LR: 8.14e-06 | Tokens/sec: 318204

Iter  12900 | Loss: 2.4660 | LR: 8.10e-06 | Tokens/sec: 318036

Iter  13000 | Loss: 2.4618 | LR: 8.07e-06 | Tokens/sec: 318129

Evaluating at iteration 13000...
Iter  13000 | Train loss: 2.4622 (ppl: 11.73) | Val loss: 2.4455 (ppl: 11.54)

Iter  13100 | Loss: 2.4627 | LR: 8.04e-06 | Tokens/sec: 141462

Iter  13200 | Loss: 2.4569 | LR: 8.01e-06 | Tokens/sec: 318134

Iter  13300 | Loss: 2.4540 | LR: 7.97e-06 | Tokens/sec: 318083

Iter  13400 | Loss: 2.4547 | LR: 7.94e-06 | Tokens/sec: 318167

Iter  13500 | Loss: 2.4419 | LR: 7.91e-06 | Tokens/sec: 318184

Evaluating at iteration 13500...
Iter  13500 | Train loss: 2.4456 (ppl: 11.54) | Val loss: 2.4402 (ppl: 11.48)

Iter  13600 | Loss: 2.4396 | LR: 7.87e-06 | Tokens/sec: 141493

Iter  13700 | Loss: 2.4364 | LR: 7.84e-06 | Tokens/sec: 318225

Iter  13800 | Loss: 2.4366 | LR: 7.80e-06 | Tokens/sec: 318229

Iter  13900 | Loss: 2.4309 | LR: 7.77e-06 | Tokens/sec: 318217

Iter  14000 | Loss: 2.4307 | LR: 7.73e-06 | Tokens/sec: 318201

Evaluating at iteration 14000...
Iter  14000 | Train loss: 2.4273 (ppl: 11.33) | Val loss: 2.4221 (ppl: 11.27)

Iter  14100 | Loss: 2.4210 | LR: 7.70e-06 | Tokens/sec: 141505

Iter  14200 | Loss: 2.4216 | LR: 7.67e-06 | Tokens/sec: 318250

Iter  14300 | Loss: 2.4207 | LR: 7.63e-06 | Tokens/sec: 318276

Iter  14400 | Loss: 2.4170 | LR: 7.59e-06 | Tokens/sec: 318263

Iter  14500 | Loss: 2.4109 | LR: 7.56e-06 | Tokens/sec: 318279

Evaluating at iteration 14500...
Iter  14500 | Train loss: 2.4148 (ppl: 11.19) | Val loss: 2.4092 (ppl: 11.12)

Iter  14600 | Loss: 2.4190 | LR: 7.52e-06 | Tokens/sec: 141554

Iter  14700 | Loss: 2.4142 | LR: 7.49e-06 | Tokens/sec: 318185

Iter  14800 | Loss: 2.4154 | LR: 7.45e-06 | Tokens/sec: 318195

Iter  14900 | Loss: 2.4005 | LR: 7.42e-06 | Tokens/sec: 318164

Iter  15000 | Loss: 2.4058 | LR: 7.38e-06 | Tokens/sec: 318174

Evaluating at iteration 15000...
Iter  15000 | Train loss: 2.4027 (ppl: 11.05) | Val loss: 2.3963 (ppl: 10.98)

Saving checkpoint to checkpoints/tinystories_lr_1e-5/checkpoint_iter_15000.pt

Iter  15100 | Loss: 2.4005 | LR: 7.34e-06 | Tokens/sec: 135932

Iter  15200 | Loss: 2.3998 | LR: 7.31e-06 | Tokens/sec: 318292

Iter  15300 | Loss: 2.3993 | LR: 7.27e-06 | Tokens/sec: 318167

Iter  15400 | Loss: 2.3978 | LR: 7.23e-06 | Tokens/sec: 318157

Iter  15500 | Loss: 2.3883 | LR: 7.20e-06 | Tokens/sec: 317949

Evaluating at iteration 15500...
Iter  15500 | Train loss: 2.3888 (ppl: 10.90) | Val loss: 2.3820 (ppl: 10.83)

Iter  15600 | Loss: 2.3909 | LR: 7.16e-06 | Tokens/sec: 141025

Iter  15700 | Loss: 2.3863 | LR: 7.12e-06 | Tokens/sec: 318104

Iter  15800 | Loss: 2.3875 | LR: 7.08e-06 | Tokens/sec: 318130

Iter  15900 | Loss: 2.3779 | LR: 7.05e-06 | Tokens/sec: 318138

Iter  16000 | Loss: 2.3777 | LR: 7.01e-06 | Tokens/sec: 317904

Evaluating at iteration 16000...
Iter  16000 | Train loss: 2.3765 (ppl: 10.77) | Val loss: 2.3738 (ppl: 10.74)

Iter  16100 | Loss: 2.3749 | LR: 6.97e-06 | Tokens/sec: 141566

Iter  16200 | Loss: 2.3683 | LR: 6.93e-06 | Tokens/sec: 318044

Iter  16300 | Loss: 2.3713 | LR: 6.89e-06 | Tokens/sec: 318087

Iter  16400 | Loss: 2.3701 | LR: 6.86e-06 | Tokens/sec: 316007

Iter  16500 | Loss: 2.3665 | LR: 6.82e-06 | Tokens/sec: 317973

Evaluating at iteration 16500...
Iter  16500 | Train loss: 2.3694 (ppl: 10.69) | Val loss: 2.3570 (ppl: 10.56)

Iter  16600 | Loss: 2.3623 | LR: 6.78e-06 | Tokens/sec: 141563

Iter  16700 | Loss: 2.3678 | LR: 6.74e-06 | Tokens/sec: 318072

Iter  16800 | Loss: 2.3627 | LR: 6.70e-06 | Tokens/sec: 317731

Iter  16900 | Loss: 2.3627 | LR: 6.66e-06 | Tokens/sec: 317883

Iter  17000 | Loss: 2.3591 | LR: 6.62e-06 | Tokens/sec: 318185

Evaluating at iteration 17000...
Iter  17000 | Train loss: 2.3560 (ppl: 10.55) | Val loss: 2.3481 (ppl: 10.47)

Iter  17100 | Loss: 2.3559 | LR: 6.58e-06 | Tokens/sec: 141568

Iter  17200 | Loss: 2.3556 | LR: 6.55e-06 | Tokens/sec: 318132

Iter  17300 | Loss: 2.3465 | LR: 6.51e-06 | Tokens/sec: 318147

Iter  17400 | Loss: 2.3520 | LR: 6.47e-06 | Tokens/sec: 317918

Iter  17500 | Loss: 2.3442 | LR: 6.43e-06 | Tokens/sec: 318124

Evaluating at iteration 17500...
Iter  17500 | Train loss: 2.3455 (ppl: 10.44) | Val loss: 2.3437 (ppl: 10.42)

Iter  17600 | Loss: 2.3387 | LR: 6.39e-06 | Tokens/sec: 141586

Iter  17700 | Loss: 2.3388 | LR: 6.35e-06 | Tokens/sec: 318088

Iter  17800 | Loss: 2.3350 | LR: 6.31e-06 | Tokens/sec: 317877

Iter  17900 | Loss: 2.3320 | LR: 6.27e-06 | Tokens/sec: 318213

Iter  18000 | Loss: 2.3420 | LR: 6.23e-06 | Tokens/sec: 318159

Evaluating at iteration 18000...
Iter  18000 | Train loss: 2.3409 (ppl: 10.39) | Val loss: 2.3289 (ppl: 10.27)

Iter  18100 | Loss: 2.3381 | LR: 6.19e-06 | Tokens/sec: 141566

Iter  18200 | Loss: 2.3303 | LR: 6.15e-06 | Tokens/sec: 318048

Iter  18300 | Loss: 2.3345 | LR: 6.11e-06 | Tokens/sec: 317950

Iter  18400 | Loss: 2.3300 | LR: 6.07e-06 | Tokens/sec: 318196

Iter  18500 | Loss: 2.3238 | LR: 6.03e-06 | Tokens/sec: 318148

Evaluating at iteration 18500...
Iter  18500 | Train loss: 2.3261 (ppl: 10.24) | Val loss: 2.3231 (ppl: 10.21)

Iter  18600 | Loss: 2.3224 | LR: 5.99e-06 | Tokens/sec: 141589

Iter  18700 | Loss: 2.3225 | LR: 5.95e-06 | Tokens/sec: 317914

Iter  18800 | Loss: 2.3236 | LR: 5.90e-06 | Tokens/sec: 318156

Iter  18900 | Loss: 2.3177 | LR: 5.86e-06 | Tokens/sec: 318033

Iter  19000 | Loss: 2.3169 | LR: 5.82e-06 | Tokens/sec: 317949

Evaluating at iteration 19000...
Iter  19000 | Train loss: 2.3154 (ppl: 10.13) | Val loss: 2.3134 (ppl: 10.11)

Iter  19100 | Loss: 2.3214 | LR: 5.78e-06 | Tokens/sec: 141554

Iter  19200 | Loss: 2.3245 | LR: 5.74e-06 | Tokens/sec: 317866

Iter  19300 | Loss: 2.3148 | LR: 5.70e-06 | Tokens/sec: 318065

Iter  19400 | Loss: 2.3100 | LR: 5.66e-06 | Tokens/sec: 318087

Iter  19500 | Loss: 2.3123 | LR: 5.62e-06 | Tokens/sec: 318015

Evaluating at iteration 19500...
Iter  19500 | Train loss: 2.3065 (ppl: 10.04) | Val loss: 2.3052 (ppl: 10.03)

Iter  19600 | Loss: 2.3056 | LR: 5.58e-06 | Tokens/sec: 141134

Iter  19700 | Loss: 2.3073 | LR: 5.54e-06 | Tokens/sec: 317876

Iter  19800 | Loss: 2.3016 | LR: 5.50e-06 | Tokens/sec: 318074

Iter  19900 | Loss: 2.3035 | LR: 5.45e-06 | Tokens/sec: 318067

Iter  20000 | Loss: 2.2978 | LR: 5.41e-06 | Tokens/sec: 318064

Evaluating at iteration 20000...
Iter  20000 | Train loss: 2.3044 (ppl: 10.02) | Val loss: 2.2986 (ppl: 9.96)

Saving checkpoint to checkpoints/tinystories_lr_1e-5/checkpoint_iter_20000.pt

Iter  20100 | Loss: 2.3042 | LR: 5.37e-06 | Tokens/sec: 136427

Iter  20200 | Loss: 2.2922 | LR: 5.33e-06 | Tokens/sec: 318049

Iter  20300 | Loss: 2.2987 | LR: 5.29e-06 | Tokens/sec: 318057

Iter  20400 | Loss: 2.2953 | LR: 5.25e-06 | Tokens/sec: 318067

Iter  20500 | Loss: 2.2883 | LR: 5.21e-06 | Tokens/sec: 318073

Evaluating at iteration 20500...
Iter  20500 | Train loss: 2.2919 (ppl: 9.89) | Val loss: 2.2876 (ppl: 9.85)

Iter  20600 | Loss: 2.2891 | LR: 5.17e-06 | Tokens/sec: 141477

Iter  20700 | Loss: 2.2875 | LR: 5.12e-06 | Tokens/sec: 317983

Iter  20800 | Loss: 2.2880 | LR: 5.08e-06 | Tokens/sec: 318101

Iter  20900 | Loss: 2.2888 | LR: 5.04e-06 | Tokens/sec: 318134

Iter  21000 | Loss: 2.2872 | LR: 5.00e-06 | Tokens/sec: 318136

Evaluating at iteration 21000...
Iter  21000 | Train loss: 2.2899 (ppl: 9.87) | Val loss: 2.2830 (ppl: 9.81)

Iter  21100 | Loss: 2.2869 | LR: 4.96e-06 | Tokens/sec: 141511

Iter  21200 | Loss: 2.2893 | LR: 4.92e-06 | Tokens/sec: 317999

Iter  21300 | Loss: 2.2805 | LR: 4.88e-06 | Tokens/sec: 318096

Iter  21400 | Loss: 2.2779 | LR: 4.83e-06 | Tokens/sec: 318007

Iter  21500 | Loss: 2.2785 | LR: 4.79e-06 | Tokens/sec: 318099

Evaluating at iteration 21500...
Iter  21500 | Train loss: 2.2755 (ppl: 9.73) | Val loss: 2.2760 (ppl: 9.74)

Iter  21600 | Loss: 2.2843 | LR: 4.75e-06 | Tokens/sec: 141515

Iter  21700 | Loss: 2.2752 | LR: 4.71e-06 | Tokens/sec: 318052

Iter  21800 | Loss: 2.2726 | LR: 4.67e-06 | Tokens/sec: 318106

Iter  21900 | Loss: 2.2745 | LR: 4.63e-06 | Tokens/sec: 318125

Iter  22000 | Loss: 2.2736 | LR: 4.59e-06 | Tokens/sec: 317989

Evaluating at iteration 22000...
Iter  22000 | Train loss: 2.2707 (ppl: 9.69) | Val loss: 2.2699 (ppl: 9.68)

Iter  22100 | Loss: 2.2683 | LR: 4.55e-06 | Tokens/sec: 141541

Iter  22200 | Loss: 2.2719 | LR: 4.50e-06 | Tokens/sec: 318143

Iter  22300 | Loss: 2.2741 | LR: 4.46e-06 | Tokens/sec: 318159

Iter  22400 | Loss: 2.2620 | LR: 4.42e-06 | Tokens/sec: 318159

Iter  22500 | Loss: 2.2675 | LR: 4.38e-06 | Tokens/sec: 317994

Evaluating at iteration 22500...
Iter  22500 | Train loss: 2.2618 (ppl: 9.60) | Val loss: 2.2608 (ppl: 9.59)

Iter  22600 | Loss: 2.2682 | LR: 4.34e-06 | Tokens/sec: 141590

Iter  22700 | Loss: 2.2616 | LR: 4.30e-06 | Tokens/sec: 318205

Iter  22800 | Loss: 2.2606 | LR: 4.26e-06 | Tokens/sec: 318055

Iter  22900 | Loss: 2.2628 | LR: 4.22e-06 | Tokens/sec: 318130

Iter  23000 | Loss: 2.2633 | LR: 4.18e-06 | Tokens/sec: 318000

Evaluating at iteration 23000...
Iter  23000 | Train loss: 2.2598 (ppl: 9.58) | Val loss: 2.2569 (ppl: 9.55)

Iter  23100 | Loss: 2.2608 | LR: 4.14e-06 | Tokens/sec: 141575

Iter  23200 | Loss: 2.2591 | LR: 4.10e-06 | Tokens/sec: 318120

Iter  23300 | Loss: 2.2610 | LR: 4.05e-06 | Tokens/sec: 318144

Iter  23400 | Loss: 2.2522 | LR: 4.01e-06 | Tokens/sec: 317916

Iter  23500 | Loss: 2.2492 | LR: 3.97e-06 | Tokens/sec: 318175

Evaluating at iteration 23500...
Iter  23500 | Train loss: 2.2582 (ppl: 9.57) | Val loss: 2.2560 (ppl: 9.54)

Iter  23600 | Loss: 2.2557 | LR: 3.93e-06 | Tokens/sec: 141656

Iter  23700 | Loss: 2.2487 | LR: 3.89e-06 | Tokens/sec: 318252

Iter  23800 | Loss: 2.2457 | LR: 3.85e-06 | Tokens/sec: 318387

Iter  23900 | Loss: 2.2546 | LR: 3.81e-06 | Tokens/sec: 318191

Iter  24000 | Loss: 2.2437 | LR: 3.77e-06 | Tokens/sec: 318257

Evaluating at iteration 24000...
Iter  24000 | Train loss: 2.2525 (ppl: 9.51) | Val loss: 2.2423 (ppl: 9.41)

Iter  24100 | Loss: 2.2492 | LR: 3.73e-06 | Tokens/sec: 141654

Iter  24200 | Loss: 2.2472 | LR: 3.69e-06 | Tokens/sec: 318381

Iter  24300 | Loss: 2.2547 | LR: 3.65e-06 | Tokens/sec: 318325

Iter  24400 | Loss: 2.2450 | LR: 3.61e-06 | Tokens/sec: 318142

Iter  24500 | Loss: 2.2497 | LR: 3.57e-06 | Tokens/sec: 318334

Evaluating at iteration 24500...
Iter  24500 | Train loss: 2.2464 (ppl: 9.45) | Val loss: 2.2496 (ppl: 9.48)

Iter  24600 | Loss: 2.2515 | LR: 3.53e-06 | Tokens/sec: 141660

Iter  24700 | Loss: 2.2468 | LR: 3.49e-06 | Tokens/sec: 318234

Iter  24800 | Loss: 2.2396 | LR: 3.45e-06 | Tokens/sec: 318179

Iter  24900 | Loss: 2.2433 | LR: 3.42e-06 | Tokens/sec: 318308

Iter  25000 | Loss: 2.2437 | LR: 3.38e-06 | Tokens/sec: 318410

Evaluating at iteration 25000...
Iter  25000 | Train loss: 2.2444 (ppl: 9.43) | Val loss: 2.2384 (ppl: 9.38)

Saving checkpoint to checkpoints/tinystories_lr_1e-5/checkpoint_iter_25000.pt

Iter  25100 | Loss: 2.2469 | LR: 3.34e-06 | Tokens/sec: 136190

Iter  25200 | Loss: 2.2468 | LR: 3.30e-06 | Tokens/sec: 318231

Iter  25300 | Loss: 2.2434 | LR: 3.26e-06 | Tokens/sec: 318124

Iter  25400 | Loss: 2.2361 | LR: 3.22e-06 | Tokens/sec: 318259

Iter  25500 | Loss: 2.2323 | LR: 3.18e-06 | Tokens/sec: 318249

Evaluating at iteration 25500...
Iter  25500 | Train loss: 2.2375 (ppl: 9.37) | Val loss: 2.2272 (ppl: 9.27)

Iter  25600 | Loss: 2.2433 | LR: 3.14e-06 | Tokens/sec: 141694

Iter  25700 | Loss: 2.2342 | LR: 3.11e-06 | Tokens/sec: 318118

Iter  25800 | Loss: 2.2409 | LR: 3.07e-06 | Tokens/sec: 318263

Iter  25900 | Loss: 2.2299 | LR: 3.03e-06 | Tokens/sec: 318424

Iter  26000 | Loss: 2.2325 | LR: 2.99e-06 | Tokens/sec: 318468

Evaluating at iteration 26000...
Iter  26000 | Train loss: 2.2326 (ppl: 9.32) | Val loss: 2.2299 (ppl: 9.30)

Iter  26100 | Loss: 2.2318 | LR: 2.95e-06 | Tokens/sec: 141722

Iter  26200 | Loss: 2.2305 | LR: 2.92e-06 | Tokens/sec: 318238

Iter  26300 | Loss: 2.2270 | LR: 2.88e-06 | Tokens/sec: 318421

Iter  26400 | Loss: 2.2306 | LR: 2.84e-06 | Tokens/sec: 318488

Iter  26500 | Loss: 2.2240 | LR: 2.80e-06 | Tokens/sec: 318401

Evaluating at iteration 26500...
Iter  26500 | Train loss: 2.2340 (ppl: 9.34) | Val loss: 2.2249 (ppl: 9.25)

Iter  26600 | Loss: 2.2354 | LR: 2.77e-06 | Tokens/sec: 141647

Iter  26700 | Loss: 2.2233 | LR: 2.73e-06 | Tokens/sec: 318434

Iter  26800 | Loss: 2.2232 | LR: 2.69e-06 | Tokens/sec: 318470

Iter  26900 | Loss: 2.2311 | LR: 2.66e-06 | Tokens/sec: 318402

Iter  27000 | Loss: 2.2292 | LR: 2.62e-06 | Tokens/sec: 318286

Evaluating at iteration 27000...
Iter  27000 | Train loss: 2.2254 (ppl: 9.26) | Val loss: 2.2243 (ppl: 9.25)

Iter  27100 | Loss: 2.2217 | LR: 2.58e-06 | Tokens/sec: 141641

Iter  27200 | Loss: 2.2264 | LR: 2.55e-06 | Tokens/sec: 318432

Iter  27300 | Loss: 2.2230 | LR: 2.51e-06 | Tokens/sec: 318482

Iter  27400 | Loss: 2.2251 | LR: 2.48e-06 | Tokens/sec: 318516

Iter  27500 | Loss: 2.2210 | LR: 2.44e-06 | Tokens/sec: 318451

Evaluating at iteration 27500...
Iter  27500 | Train loss: 2.2247 (ppl: 9.25) | Val loss: 2.2205 (ppl: 9.21)

Iter  27600 | Loss: 2.2204 | LR: 2.41e-06 | Tokens/sec: 141667

Iter  27700 | Loss: 2.2222 | LR: 2.37e-06 | Tokens/sec: 318389

Iter  27800 | Loss: 2.2198 | LR: 2.33e-06 | Tokens/sec: 318362

Iter  27900 | Loss: 2.2261 | LR: 2.30e-06 | Tokens/sec: 318345

Iter  28000 | Loss: 2.2183 | LR: 2.27e-06 | Tokens/sec: 318355

Evaluating at iteration 28000...
Iter  28000 | Train loss: 2.2220 (ppl: 9.23) | Val loss: 2.2156 (ppl: 9.17)

Iter  28100 | Loss: 2.2221 | LR: 2.23e-06 | Tokens/sec: 141595

Iter  28200 | Loss: 2.2186 | LR: 2.20e-06 | Tokens/sec: 318144

Iter  28300 | Loss: 2.2181 | LR: 2.16e-06 | Tokens/sec: 318223

Iter  28400 | Loss: 2.2153 | LR: 2.13e-06 | Tokens/sec: 318244

Iter  28500 | Loss: 2.2145 | LR: 2.09e-06 | Tokens/sec: 318243

Evaluating at iteration 28500...
Iter  28500 | Train loss: 2.2195 (ppl: 9.20) | Val loss: 2.2133 (ppl: 9.15)

Iter  28600 | Loss: 2.2156 | LR: 2.06e-06 | Tokens/sec: 141667

Iter  28700 | Loss: 2.2136 | LR: 2.03e-06 | Tokens/sec: 318402

Iter  28800 | Loss: 2.2100 | LR: 1.99e-06 | Tokens/sec: 318499

Iter  28900 | Loss: 2.2231 | LR: 1.96e-06 | Tokens/sec: 318505

Iter  29000 | Loss: 2.2168 | LR: 1.93e-06 | Tokens/sec: 318423

Evaluating at iteration 29000...
Iter  29000 | Train loss: 2.2178 (ppl: 9.19) | Val loss: 2.2107 (ppl: 9.12)

Iter  29100 | Loss: 2.2097 | LR: 1.90e-06 | Tokens/sec: 141670

Iter  29200 | Loss: 2.2139 | LR: 1.86e-06 | Tokens/sec: 318396

Iter  29300 | Loss: 2.2126 | LR: 1.83e-06 | Tokens/sec: 318446

Iter  29400 | Loss: 2.2083 | LR: 1.80e-06 | Tokens/sec: 318390

Iter  29500 | Loss: 2.2093 | LR: 1.77e-06 | Tokens/sec: 318297

Evaluating at iteration 29500...
Iter  29500 | Train loss: 2.2139 (ppl: 9.15) | Val loss: 2.2143 (ppl: 9.15)

Iter  29600 | Loss: 2.2135 | LR: 1.74e-06 | Tokens/sec: 141681

Iter  29700 | Loss: 2.2106 | LR: 1.71e-06 | Tokens/sec: 318289

Iter  29800 | Loss: 2.2159 | LR: 1.67e-06 | Tokens/sec: 318317

Iter  29900 | Loss: 2.2150 | LR: 1.64e-06 | Tokens/sec: 318283

Iter  30000 | Loss: 2.2090 | LR: 1.61e-06 | Tokens/sec: 318208

Evaluating at iteration 30000...
Iter  30000 | Train loss: 2.2083 (ppl: 9.10) | Val loss: 2.2065 (ppl: 9.08)

Saving checkpoint to checkpoints/tinystories_lr_1e-5/checkpoint_iter_30000.pt

Iter  30100 | Loss: 2.2128 | LR: 1.58e-06 | Tokens/sec: 136263

Iter  30200 | Loss: 2.2058 | LR: 1.55e-06 | Tokens/sec: 318361

Iter  30300 | Loss: 2.2082 | LR: 1.52e-06 | Tokens/sec: 318299

Iter  30400 | Loss: 2.2117 | LR: 1.49e-06 | Tokens/sec: 318126

Iter  30500 | Loss: 2.2135 | LR: 1.46e-06 | Tokens/sec: 318327

Evaluating at iteration 30500...
Iter  30500 | Train loss: 2.2079 (ppl: 9.10) | Val loss: 2.2047 (ppl: 9.07)

Iter  30600 | Loss: 2.2056 | LR: 1.44e-06 | Tokens/sec: 141649

Iter  30700 | Loss: 2.2121 | LR: 1.41e-06 | Tokens/sec: 318106

Iter  30800 | Loss: 2.2024 | LR: 1.38e-06 | Tokens/sec: 318162

Iter  30900 | Loss: 2.2065 | LR: 1.35e-06 | Tokens/sec: 317948

Iter  31000 | Loss: 2.2085 | LR: 1.32e-06 | Tokens/sec: 318180

Evaluating at iteration 31000...
Iter  31000 | Train loss: 2.2080 (ppl: 9.10) | Val loss: 2.1985 (ppl: 9.01)

Iter  31100 | Loss: 2.1990 | LR: 1.29e-06 | Tokens/sec: 141569

Iter  31200 | Loss: 2.2092 | LR: 1.27e-06 | Tokens/sec: 318149

Iter  31300 | Loss: 2.2146 | LR: 1.24e-06 | Tokens/sec: 317986

Iter  31400 | Loss: 2.2055 | LR: 1.21e-06 | Tokens/sec: 318173

Iter  31500 | Loss: 2.2046 | LR: 1.18e-06 | Tokens/sec: 318198

Evaluating at iteration 31500...
Iter  31500 | Train loss: 2.2061 (ppl: 9.08) | Val loss: 2.2006 (ppl: 9.03)

Iter  31600 | Loss: 2.2077 | LR: 1.16e-06 | Tokens/sec: 141567

Iter  31700 | Loss: 2.2068 | LR: 1.13e-06 | Tokens/sec: 318101

Iter  31800 | Loss: 2.2036 | LR: 1.11e-06 | Tokens/sec: 318291

Iter  31900 | Loss: 2.2051 | LR: 1.08e-06 | Tokens/sec: 314723

Iter  32000 | Loss: 2.2005 | LR: 1.05e-06 | Tokens/sec: 318140

Evaluating at iteration 32000...
Iter  32000 | Train loss: 2.2023 (ppl: 9.05) | Val loss: 2.2045 (ppl: 9.07)

Iter  32100 | Loss: 2.2040 | LR: 1.03e-06 | Tokens/sec: 141725

Iter  32200 | Loss: 2.2025 | LR: 1.00e-06 | Tokens/sec: 318274

Iter  32300 | Loss: 2.2092 | LR: 9.79e-07 | Tokens/sec: 318331

Iter  32400 | Loss: 2.2001 | LR: 9.55e-07 | Tokens/sec: 317413

Iter  32500 | Loss: 2.1964 | LR: 9.31e-07 | Tokens/sec: 304555

Evaluating at iteration 32500...
Iter  32500 | Train loss: 2.2032 (ppl: 9.05) | Val loss: 2.1969 (ppl: 9.00)

Iter  32600 | Loss: 2.1985 | LR: 9.07e-07 | Tokens/sec: 141711

Iter  32700 | Loss: 2.2026 | LR: 8.83e-07 | Tokens/sec: 318259

Iter  32800 | Loss: 2.2024 | LR: 8.60e-07 | Tokens/sec: 318400

Iter  32900 | Loss: 2.2019 | LR: 8.37e-07 | Tokens/sec: 318424

Iter  33000 | Loss: 2.2001 | LR: 8.14e-07 | Tokens/sec: 318402

Evaluating at iteration 33000...
Iter  33000 | Train loss: 2.1996 (ppl: 9.02) | Val loss: 2.2022 (ppl: 9.04)

Iter  33100 | Loss: 2.1962 | LR: 7.92e-07 | Tokens/sec: 141703

Iter  33200 | Loss: 2.2018 | LR: 7.70e-07 | Tokens/sec: 318291

Iter  33300 | Loss: 2.2012 | LR: 7.48e-07 | Tokens/sec: 318474

Iter  33400 | Loss: 2.2037 | LR: 7.26e-07 | Tokens/sec: 318536

Iter  33500 | Loss: 2.2050 | LR: 7.05e-07 | Tokens/sec: 317351

Evaluating at iteration 33500...
Iter  33500 | Train loss: 2.2010 (ppl: 9.03) | Val loss: 2.2007 (ppl: 9.03)

Iter  33600 | Loss: 2.1998 | LR: 6.84e-07 | Tokens/sec: 141696

Iter  33700 | Loss: 2.2052 | LR: 6.63e-07 | Tokens/sec: 318612

Iter  33800 | Loss: 2.1905 | LR: 6.43e-07 | Tokens/sec: 318584

Iter  33900 | Loss: 2.2005 | LR: 6.22e-07 | Tokens/sec: 318523

Iter  34000 | Loss: 2.2001 | LR: 6.03e-07 | Tokens/sec: 318554

Evaluating at iteration 34000...
Iter  34000 | Train loss: 2.1989 (ppl: 9.02) | Val loss: 2.1979 (ppl: 9.01)

Iter  34100 | Loss: 2.1927 | LR: 5.83e-07 | Tokens/sec: 141701

Iter  34200 | Loss: 2.1988 | LR: 5.64e-07 | Tokens/sec: 318551

Iter  34300 | Loss: 2.2027 | LR: 5.45e-07 | Tokens/sec: 318521

Iter  34400 | Loss: 2.1901 | LR: 5.26e-07 | Tokens/sec: 318494

Iter  34500 | Loss: 2.2000 | LR: 5.08e-07 | Tokens/sec: 318532

Evaluating at iteration 34500...
Iter  34500 | Train loss: 2.1922 (ppl: 8.95) | Val loss: 2.1950 (ppl: 8.98)

Iter  34600 | Loss: 2.1968 | LR: 4.90e-07 | Tokens/sec: 141699

Iter  34700 | Loss: 2.1946 | LR: 4.72e-07 | Tokens/sec: 318517

Iter  34800 | Loss: 2.1985 | LR: 4.55e-07 | Tokens/sec: 318523

Iter  34900 | Loss: 2.1999 | LR: 4.38e-07 | Tokens/sec: 318558

Iter  35000 | Loss: 2.2019 | LR: 4.21e-07 | Tokens/sec: 318506

Evaluating at iteration 35000...
Iter  35000 | Train loss: 2.1989 (ppl: 9.02) | Val loss: 2.1949 (ppl: 8.98)

Saving checkpoint to checkpoints/tinystories_lr_1e-5/checkpoint_iter_35000.pt

Iter  35100 | Loss: 2.2004 | LR: 4.05e-07 | Tokens/sec: 136468

Iter  35200 | Loss: 2.1914 | LR: 3.89e-07 | Tokens/sec: 318514

Iter  35300 | Loss: 2.1993 | LR: 3.73e-07 | Tokens/sec: 318513

Iter  35400 | Loss: 2.2029 | LR: 3.57e-07 | Tokens/sec: 317112

Iter  35500 | Loss: 2.2005 | LR: 3.42e-07 | Tokens/sec: 318589

Evaluating at iteration 35500...
Iter  35500 | Train loss: 2.2015 (ppl: 9.04) | Val loss: 2.1976 (ppl: 9.00)

Iter  35600 | Loss: 2.1985 | LR: 3.27e-07 | Tokens/sec: 141694

Iter  35700 | Loss: 2.1990 | LR: 3.13e-07 | Tokens/sec: 318555

Iter  35800 | Loss: 2.2010 | LR: 2.98e-07 | Tokens/sec: 318533

Iter  35900 | Loss: 2.1977 | LR: 2.84e-07 | Tokens/sec: 318516

Iter  36000 | Loss: 2.2029 | LR: 2.71e-07 | Tokens/sec: 318356

Evaluating at iteration 36000...
Iter  36000 | Train loss: 2.2023 (ppl: 9.05) | Val loss: 2.1960 (ppl: 8.99)

Iter  36100 | Loss: 2.1968 | LR: 2.58e-07 | Tokens/sec: 141738

Iter  36200 | Loss: 2.1963 | LR: 2.45e-07 | Tokens/sec: 318488

Iter  36300 | Loss: 2.1952 | LR: 2.32e-07 | Tokens/sec: 318540

Iter  36400 | Loss: 2.1972 | LR: 2.20e-07 | Tokens/sec: 318525

Iter  36500 | Loss: 2.2016 | LR: 2.08e-07 | Tokens/sec: 318290

Evaluating at iteration 36500...
Iter  36500 | Train loss: 2.1948 (ppl: 8.98) | Val loss: 2.1922 (ppl: 8.95)

Iter  36600 | Loss: 2.1928 | LR: 1.96e-07 | Tokens/sec: 141745

Iter  36700 | Loss: 2.1921 | LR: 1.85e-07 | Tokens/sec: 318482

Iter  36800 | Loss: 2.1977 | LR: 1.74e-07 | Tokens/sec: 318516

Iter  36900 | Loss: 2.1940 | LR: 1.63e-07 | Tokens/sec: 318242

Iter  37000 | Loss: 2.1995 | LR: 1.53e-07 | Tokens/sec: 318641

Evaluating at iteration 37000...
Iter  37000 | Train loss: 2.1937 (ppl: 8.97) | Val loss: 2.1955 (ppl: 8.98)

Iter  37100 | Loss: 2.1968 | LR: 1.43e-07 | Tokens/sec: 141737

Iter  37200 | Loss: 2.1969 | LR: 1.33e-07 | Tokens/sec: 318587

Iter  37300 | Loss: 2.1914 | LR: 1.24e-07 | Tokens/sec: 318599

Iter  37400 | Loss: 2.1977 | LR: 1.15e-07 | Tokens/sec: 318443

Iter  37500 | Loss: 2.1988 | LR: 1.06e-07 | Tokens/sec: 318577

Evaluating at iteration 37500...
Iter  37500 | Train loss: 2.1950 (ppl: 8.98) | Val loss: 2.1919 (ppl: 8.95)

Iter  37600 | Loss: 2.2031 | LR: 9.81e-08 | Tokens/sec: 141747

Iter  37700 | Loss: 2.1964 | LR: 9.01e-08 | Tokens/sec: 318552

Iter  37800 | Loss: 2.1996 | LR: 8.25e-08 | Tokens/sec: 318553

Iter  37900 | Loss: 2.1863 | LR: 7.52e-08 | Tokens/sec: 318365

Iter  38000 | Loss: 2.1951 | LR: 6.82e-08 | Tokens/sec: 318582

Evaluating at iteration 38000...
Iter  38000 | Train loss: 2.1957 (ppl: 8.99) | Val loss: 2.1911 (ppl: 8.95)

Iter  38100 | Loss: 2.1965 | LR: 6.16e-08 | Tokens/sec: 141739

Iter  38200 | Loss: 2.1991 | LR: 5.53e-08 | Tokens/sec: 318525

Iter  38300 | Loss: 2.1980 | LR: 4.93e-08 | Tokens/sec: 318365

Iter  38400 | Loss: 2.1979 | LR: 4.37e-08 | Tokens/sec: 318580

Iter  38500 | Loss: 2.1931 | LR: 3.84e-08 | Tokens/sec: 318551

Evaluating at iteration 38500...
Iter  38500 | Train loss: 2.1980 (ppl: 9.01) | Val loss: 2.1939 (ppl: 8.97)

Iter  38600 | Loss: 2.2015 | LR: 3.35e-08 | Tokens/sec: 141743

Iter  38700 | Loss: 2.2002 | LR: 2.88e-08 | Tokens/sec: 318571

Iter  38800 | Loss: 2.2008 | LR: 2.46e-08 | Tokens/sec: 318435

Iter  38900 | Loss: 2.1901 | LR: 2.07e-08 | Tokens/sec: 318578

Iter  39000 | Loss: 2.2013 | LR: 1.71e-08 | Tokens/sec: 318563

Evaluating at iteration 39000...
Iter  39000 | Train loss: 2.1957 (ppl: 8.99) | Val loss: 2.1927 (ppl: 8.96)

Iter  39100 | Loss: 2.2026 | LR: 1.38e-08 | Tokens/sec: 141738

Iter  39200 | Loss: 2.1987 | LR: 1.09e-08 | Tokens/sec: 318421

Iter  39300 | Loss: 2.1959 | LR: 8.37e-09 | Tokens/sec: 318506

Iter  39400 | Loss: 2.1942 | LR: 6.15e-09 | Tokens/sec: 318545

Iter  39500 | Loss: 2.1939 | LR: 4.27e-09 | Tokens/sec: 318560

Evaluating at iteration 39500...
Iter  39500 | Train loss: 2.1943 (ppl: 8.97) | Val loss: 2.1908 (ppl: 8.94)

Iter  39600 | Loss: 2.2021 | LR: 2.73e-09 | Tokens/sec: 141746

Iter  39700 | Loss: 2.1935 | LR: 1.54e-09 | Tokens/sec: 318374

Iter  39800 | Loss: 2.1958 | LR: 6.83e-10 | Tokens/sec: 318511

Iter  39900 | Loss: 2.1965 | LR: 1.71e-10 | Tokens/sec: 318550

Saving final checkpoint to checkpoints/tinystories_lr_1e-5/checkpoint_final.pt

Final evaluation...
Final | Train loss: 2.1945 (ppl: 8.98) | Val loss: 2.1901 (ppl: 8.94)
Job completed at Sun Feb 15 04:15:58 CST 2026
