Job started on gpua024.delta.ncsa.illinois.edu at Sun Feb 15 05:28:22 CST 2026
Job ID: 15892126, Task ID: 
Working directory: /projects/bfdy/ece405-assignment1-basics
CUDA devices: 0
Number of CPUs: 16
Number of GPUs: 1
Memory: 32768 MB
Sun Feb 15 05:28:23 2026       
+-----------------------------------------------------------------------------------------+
| NVIDIA-SMI 570.148.08             Driver Version: 570.148.08     CUDA Version: 12.8     |
|-----------------------------------------+------------------------+----------------------+
| GPU  Name                 Persistence-M | Bus-Id          Disp.A | Volatile Uncorr. ECC |
| Fan  Temp   Perf          Pwr:Usage/Cap |           Memory-Usage | GPU-Util  Compute M. |
|                                         |                        |               MIG M. |
|=========================================+========================+======================|
|   0  NVIDIA A100-SXM4-40GB          On  |   00000000:07:00.0 Off |                    0 |
| N/A   29C    P0             54W /  400W |       0MiB /  40960MiB |      0%      Default |
|                                         |                        |             Disabled |
+-----------------------------------------+------------------------+----------------------+
                                                                                         
+-----------------------------------------------------------------------------------------+
| Processes:                                                                              |
|  GPU   GI   CI              PID   Type   Process name                        GPU Memory |
|        ID   ID                                                               Usage      |
|=========================================================================================|
|  No running processes found                                                             |
+-----------------------------------------------------------------------------------------+
============================================
Training openwebtext
============================================

================================================================================
Training Configuration
================================================================================
Model:
  Variant: baseline
  Vocabulary size: 32,000
  Context length: 256
  Model dimension: 512
  Number of layers: 4
  Number of heads: 16
  Feed-forward dimension: 1344
  RoPE theta: 10000.0

Optimizer:
  Learning rate: 0.0003
  Weight decay: 0.001
  Beta1: 0.9
  Beta2: 0.95
  Epsilon: 1e-08

Learning Rate Schedule:
  Max LR: 0.003
  Min LR: 0.0
  Warmup iterations: 2,000

Training:
  Batch size: 64
  Max iterations: 10,000
  Gradient clipping: 1.0

Data:
  Training data: artifacts/owt_train_encoded.npy
  Validation data: artifacts/owt_valid_encoded.npy

Checkpointing:
  Checkpoint directory: checkpoints/openwebtext
  Save interval: 5,000 iterations
  Eval interval: 500 iterations

Device: cuda
Random seed: 42
Weights & Biases: enabled (project: ece405-openwebtext)
================================================================================

Initializing model (variant: baseline)...
Model initialized with 45,224,448 parameters

Iter      0 | Loss: 10.3895 | LR: 0.00e+00 | Tokens/sec: 78186

Iter    100 | Loss: 9.2836 | LR: 1.50e-04 | Tokens/sec: 130891

Iter    200 | Loss: 7.0818 | LR: 3.00e-04 | Tokens/sec: 180550

Iter    300 | Loss: 6.4330 | LR: 4.50e-04 | Tokens/sec: 180553

Iter    400 | Loss: 6.0810 | LR: 6.00e-04 | Tokens/sec: 180603

Iter    500 | Loss: 5.8616 | LR: 7.50e-04 | Tokens/sec: 180500

Evaluating at iteration 500...
Iter    500 | Train loss: 5.7680 (ppl: 319.90) | Val loss: 5.7653 (ppl: 319.03)

Iter    600 | Loss: 5.6890 | LR: 9.00e-04 | Tokens/sec: 60059

Iter    700 | Loss: 5.5393 | LR: 1.05e-03 | Tokens/sec: 180629

Iter    800 | Loss: 5.4506 | LR: 1.20e-03 | Tokens/sec: 180614

Iter    900 | Loss: 5.3625 | LR: 1.35e-03 | Tokens/sec: 180636

Iter   1000 | Loss: 5.3032 | LR: 1.50e-03 | Tokens/sec: 180530

Evaluating at iteration 1000...
Iter   1000 | Train loss: 5.2903 (ppl: 198.40) | Val loss: 5.2894 (ppl: 198.22)

Iter   1100 | Loss: 5.2786 | LR: 1.65e-03 | Tokens/sec: 79321

Iter   1200 | Loss: 5.2315 | LR: 1.80e-03 | Tokens/sec: 180640

Iter   1300 | Loss: 5.1988 | LR: 1.95e-03 | Tokens/sec: 180631

Iter   1400 | Loss: 5.1784 | LR: 2.10e-03 | Tokens/sec: 180653

Iter   1500 | Loss: 5.1523 | LR: 2.25e-03 | Tokens/sec: 180529

Evaluating at iteration 1500...
Iter   1500 | Train loss: 5.1348 (ppl: 169.82) | Val loss: 5.1293 (ppl: 168.89)

Iter   1600 | Loss: 5.1288 | LR: 2.40e-03 | Tokens/sec: 79325

Iter   1700 | Loss: 5.0983 | LR: 2.55e-03 | Tokens/sec: 180683

Iter   1800 | Loss: 5.0627 | LR: 2.70e-03 | Tokens/sec: 180634

Iter   1900 | Loss: 5.0260 | LR: 2.85e-03 | Tokens/sec: 180650

Iter   2000 | Loss: 4.9947 | LR: 3.00e-03 | Tokens/sec: 180585

Evaluating at iteration 2000...
Iter   2000 | Train loss: 4.9814 (ppl: 145.68) | Val loss: 4.9776 (ppl: 145.13)

Iter   2100 | Loss: 4.9762 | LR: 3.00e-03 | Tokens/sec: 79323

Iter   2200 | Loss: 4.9301 | LR: 3.00e-03 | Tokens/sec: 180661

Iter   2300 | Loss: 4.8739 | LR: 2.99e-03 | Tokens/sec: 180641

Iter   2400 | Loss: 4.8433 | LR: 2.98e-03 | Tokens/sec: 180619

Iter   2500 | Loss: 4.8194 | LR: 2.97e-03 | Tokens/sec: 180677

Evaluating at iteration 2500...
Iter   2500 | Train loss: 4.8044 (ppl: 122.04) | Val loss: 4.8046 (ppl: 122.07)

Iter   2600 | Loss: 4.7873 | LR: 2.96e-03 | Tokens/sec: 79299

Iter   2700 | Loss: 4.7615 | LR: 2.94e-03 | Tokens/sec: 180663

Iter   2800 | Loss: 4.7459 | LR: 2.93e-03 | Tokens/sec: 180645

Iter   2900 | Loss: 4.7126 | LR: 2.91e-03 | Tokens/sec: 180599

Iter   3000 | Loss: 4.6961 | LR: 2.89e-03 | Tokens/sec: 180642

Evaluating at iteration 3000...
Iter   3000 | Train loss: 4.6813 (ppl: 107.91) | Val loss: 4.6821 (ppl: 108.00)

Iter   3100 | Loss: 4.6788 | LR: 2.86e-03 | Tokens/sec: 79305

Iter   3200 | Loss: 4.6563 | LR: 2.84e-03 | Tokens/sec: 180656

Iter   3300 | Loss: 4.6400 | LR: 2.81e-03 | Tokens/sec: 180665

Iter   3400 | Loss: 4.6209 | LR: 2.78e-03 | Tokens/sec: 180627

Iter   3500 | Loss: 4.5952 | LR: 2.75e-03 | Tokens/sec: 180637

Evaluating at iteration 3500...
Iter   3500 | Train loss: 4.5956 (ppl: 99.05) | Val loss: 4.5907 (ppl: 98.56)

Iter   3600 | Loss: 4.5915 | LR: 2.71e-03 | Tokens/sec: 79298

Iter   3700 | Loss: 4.5854 | LR: 2.68e-03 | Tokens/sec: 180614

Iter   3800 | Loss: 4.5672 | LR: 2.64e-03 | Tokens/sec: 180618

Iter   3900 | Loss: 4.5531 | LR: 2.60e-03 | Tokens/sec: 180626

Iter   4000 | Loss: 4.5374 | LR: 2.56e-03 | Tokens/sec: 180602

Evaluating at iteration 4000...
Iter   4000 | Train loss: 4.5254 (ppl: 92.33) | Val loss: 4.5297 (ppl: 92.73)

Iter   4100 | Loss: 4.5274 | LR: 2.52e-03 | Tokens/sec: 79301

Iter   4200 | Loss: 4.5196 | LR: 2.47e-03 | Tokens/sec: 180631

Iter   4300 | Loss: 4.4989 | LR: 2.43e-03 | Tokens/sec: 180627

Iter   4400 | Loss: 4.4844 | LR: 2.38e-03 | Tokens/sec: 180647

Iter   4500 | Loss: 4.4731 | LR: 2.33e-03 | Tokens/sec: 180584

Evaluating at iteration 4500...
Iter   4500 | Train loss: 4.4663 (ppl: 87.04) | Val loss: 4.4698 (ppl: 87.34)

Iter   4600 | Loss: 4.4644 | LR: 2.28e-03 | Tokens/sec: 79295

Iter   4700 | Loss: 4.4556 | LR: 2.23e-03 | Tokens/sec: 180637

Iter   4800 | Loss: 4.4432 | LR: 2.18e-03 | Tokens/sec: 180630

Iter   4900 | Loss: 4.4272 | LR: 2.13e-03 | Tokens/sec: 179618

Iter   5000 | Loss: 4.4315 | LR: 2.07e-03 | Tokens/sec: 174837

Evaluating at iteration 5000...
Iter   5000 | Train loss: 4.4126 (ppl: 82.49) | Val loss: 4.4074 (ppl: 82.05)

Saving checkpoint to checkpoints/openwebtext/checkpoint_iter_5000.pt

Iter   5100 | Loss: 4.4176 | LR: 2.02e-03 | Tokens/sec: 69640

Iter   5200 | Loss: 4.3933 | LR: 1.96e-03 | Tokens/sec: 180705

Iter   5300 | Loss: 4.3870 | LR: 1.91e-03 | Tokens/sec: 180775

Iter   5400 | Loss: 4.3736 | LR: 1.85e-03 | Tokens/sec: 180778

Iter   5500 | Loss: 4.3788 | LR: 1.79e-03 | Tokens/sec: 180787

Evaluating at iteration 5500...
Iter   5500 | Train loss: 4.3745 (ppl: 79.40) | Val loss: 4.3708 (ppl: 79.11)

Iter   5600 | Loss: 4.3641 | LR: 1.73e-03 | Tokens/sec: 79379

Iter   5700 | Loss: 4.3621 | LR: 1.68e-03 | Tokens/sec: 180813

Iter   5800 | Loss: 4.3494 | LR: 1.62e-03 | Tokens/sec: 177575

Iter   5900 | Loss: 4.3349 | LR: 1.56e-03 | Tokens/sec: 180821

Iter   6000 | Loss: 4.3379 | LR: 1.50e-03 | Tokens/sec: 180815

Evaluating at iteration 6000...
Iter   6000 | Train loss: 4.3236 (ppl: 75.46) | Val loss: 4.3222 (ppl: 75.35)

Iter   6100 | Loss: 4.3207 | LR: 1.44e-03 | Tokens/sec: 79401

Iter   6200 | Loss: 4.3187 | LR: 1.38e-03 | Tokens/sec: 180667

Iter   6300 | Loss: 4.3203 | LR: 1.32e-03 | Tokens/sec: 180830

Iter   6400 | Loss: 4.3062 | LR: 1.27e-03 | Tokens/sec: 180829

Iter   6500 | Loss: 4.2949 | LR: 1.21e-03 | Tokens/sec: 180831

Evaluating at iteration 6500...
Iter   6500 | Train loss: 4.2874 (ppl: 72.78) | Val loss: 4.2788 (ppl: 72.15)

Iter   6600 | Loss: 4.2833 | LR: 1.15e-03 | Tokens/sec: 79409

Iter   6700 | Loss: 4.2656 | LR: 1.09e-03 | Tokens/sec: 180706

Iter   6800 | Loss: 4.2666 | LR: 1.04e-03 | Tokens/sec: 180836

Iter   6900 | Loss: 4.2531 | LR: 9.81e-04 | Tokens/sec: 180834

Iter   7000 | Loss: 4.2530 | LR: 9.26e-04 | Tokens/sec: 180796

Evaluating at iteration 7000...
Iter   7000 | Train loss: 4.2552 (ppl: 70.47) | Val loss: 4.2470 (ppl: 69.90)

Iter   7100 | Loss: 4.2422 | LR: 8.72e-04 | Tokens/sec: 79400

Iter   7200 | Loss: 4.2476 | LR: 8.19e-04 | Tokens/sec: 180577

Iter   7300 | Loss: 4.2322 | LR: 7.67e-04 | Tokens/sec: 180810

Iter   7400 | Loss: 4.2316 | LR: 7.16e-04 | Tokens/sec: 180816

Iter   7500 | Loss: 4.2196 | LR: 6.67e-04 | Tokens/sec: 180811

Evaluating at iteration 7500...
Iter   7500 | Train loss: 4.2127 (ppl: 67.54) | Val loss: 4.2155 (ppl: 67.73)

Iter   7600 | Loss: 4.2042 | LR: 6.18e-04 | Tokens/sec: 79402

Iter   7700 | Loss: 4.2032 | LR: 5.71e-04 | Tokens/sec: 180801

Iter   7800 | Loss: 4.2001 | LR: 5.26e-04 | Tokens/sec: 180660

Iter   7900 | Loss: 4.1985 | LR: 4.82e-04 | Tokens/sec: 180820

Iter   8000 | Loss: 4.1918 | LR: 4.39e-04 | Tokens/sec: 180816

Evaluating at iteration 8000...
Iter   8000 | Train loss: 4.1955 (ppl: 66.38) | Val loss: 4.1804 (ppl: 65.39)

Iter   8100 | Loss: 4.1786 | LR: 3.99e-04 | Tokens/sec: 79408

Iter   8200 | Loss: 4.1768 | LR: 3.59e-04 | Tokens/sec: 180774

Iter   8300 | Loss: 4.1713 | LR: 3.22e-04 | Tokens/sec: 180696

Iter   8400 | Loss: 4.1748 | LR: 2.86e-04 | Tokens/sec: 180822

Iter   8500 | Loss: 4.1639 | LR: 2.53e-04 | Tokens/sec: 180816

Evaluating at iteration 8500...
Iter   8500 | Train loss: 4.1647 (ppl: 64.37) | Val loss: 4.1620 (ppl: 64.20)

Iter   8600 | Loss: 4.1535 | LR: 2.21e-04 | Tokens/sec: 79414

Iter   8700 | Loss: 4.1555 | LR: 1.91e-04 | Tokens/sec: 180787

Iter   8800 | Loss: 4.1662 | LR: 1.63e-04 | Tokens/sec: 180712

Iter   8900 | Loss: 4.1441 | LR: 1.38e-04 | Tokens/sec: 180825

Iter   9000 | Loss: 4.1576 | LR: 1.14e-04 | Tokens/sec: 180807

Evaluating at iteration 9000...
Iter   9000 | Train loss: 4.1461 (ppl: 63.19) | Val loss: 4.1421 (ppl: 62.94)

Iter   9100 | Loss: 4.1389 | LR: 9.27e-05 | Tokens/sec: 79411

Iter   9200 | Loss: 4.1458 | LR: 7.34e-05 | Tokens/sec: 180791

Iter   9300 | Loss: 4.1467 | LR: 5.63e-05 | Tokens/sec: 180779

Iter   9400 | Loss: 4.1380 | LR: 4.14e-05 | Tokens/sec: 180681

Iter   9500 | Loss: 4.1279 | LR: 2.88e-05 | Tokens/sec: 180803

Evaluating at iteration 9500...
Iter   9500 | Train loss: 4.1312 (ppl: 62.25) | Val loss: 4.1334 (ppl: 62.39)

Iter   9600 | Loss: 4.1348 | LR: 1.85e-05 | Tokens/sec: 79414

Iter   9700 | Loss: 4.1407 | LR: 1.04e-05 | Tokens/sec: 180802

Iter   9800 | Loss: 4.1402 | LR: 4.62e-06 | Tokens/sec: 180784

Iter   9900 | Loss: 4.1349 | LR: 1.16e-06 | Tokens/sec: 180690

Saving final checkpoint to checkpoints/openwebtext/checkpoint_final.pt

Final evaluation...
Final | Train loss: 4.1397 (ppl: 62.78) | Val loss: 4.1303 (ppl: 62.20)
Job completed at Sun Feb 15 05:48:30 CST 2026
